
 Start         Length     Name                   Class
 0001:00000000 003D438CH .text                   CODE
 0002:00000000 0000718CH .data                   DATA
 0002:0000718C 00002545H .bss                    BSS


Detailed map of segments

 0001:00000000 000063D7 C=CODE     S=.text    G=(none)   M=System   ACBP=A9
 0001:000063D8 00000140 C=CODE     S=.text    G=(none)   M=SysInit  ACBP=A9
 0001:00006518 00000250 C=CODE     S=.text    G=(none)   M=Types    ACBP=A9
 0001:00006768 000013FC C=CODE     S=.text    G=(none)   M=Windows  ACBP=A9
 0001:00007B64 00000038 C=CODE     S=.text    G=(none)   M=Messages ACBP=A9
 0001:00007B9C 00000398 C=CODE     S=.text    G=(none)   M=SysConst ACBP=A9
 0001:00007F34 00009230 C=CODE     S=.text    G=(none)   M=SysUtils ACBP=A9
 0001:00011164 000008B7 C=CODE     S=.text    G=(none)   M=VarUtils ACBP=A9
 0001:00011A1C 00009642 C=CODE     S=.text    G=(none)   M=Variants ACBP=A9
 0001:0001B060 000001B0 C=CODE     S=.text    G=(none)   M=RTLConsts ACBP=A9
 0001:0001B210 00001FE0 C=CODE     S=.text    G=(none)   M=TypInfo  ACBP=A9
 0001:0001D1F0 000004A0 C=CODE     S=.text    G=(none)   M=ActiveX  ACBP=A9
 0001:0001D690 00010D52 C=CODE     S=.text    G=(none)   M=Classes  ACBP=A9
 0001:0002E3E4 000003D0 C=CODE     S=.text    G=(none)   M=Consts   ACBP=A9
 0001:0002E7B4 0000C65F C=CODE     S=.text    G=(none)   M=Graphics ACBP=A9
 0001:0003AE14 00000410 C=CODE     S=.text    G=(none)   M=Math     ACBP=A9
 0001:0003B224 000003C0 C=CODE     S=.text    G=(none)   M=Contnrs  ACBP=A9
 0001:0003B5E4 00001194 C=CODE     S=.text    G=(none)   M=CommCtrl ACBP=A9
 0001:0003C778 0000087F C=CODE     S=.text    G=(none)   M=MultiMon ACBP=A9
 0001:0003CFF8 00000038 C=CODE     S=.text    G=(none)   M=Imm      ACBP=A9
 0001:0003D030 00001210 C=CODE     S=.text    G=(none)   M=HelpIntfs ACBP=A9
 0001:0003E240 00000068 C=CODE     S=.text    G=(none)   M=WinSpool ACBP=A9
 0001:0003E2A8 00001AE4 C=CODE     S=.text    G=(none)   M=Printers ACBP=A9
 0001:0003FD8C 0000036B C=CODE     S=.text    G=(none)   M=FlatSB   ACBP=A9
 0001:000400F8 000003E4 C=CODE     S=.text    G=(none)   M=SyncObjs ACBP=A9
 0001:000404DC 00000A63 C=CODE     S=.text    G=(none)   M=UxTheme  ACBP=A9
 0001:00040F40 00000038 C=CODE     S=.text    G=(none)   M=RichEdit ACBP=A9
 0001:00040F78 00000CBC C=CODE     S=.text    G=(none)   M=ToolWin  ACBP=A9
 0001:00041C34 00000048 C=CODE     S=.text    G=(none)   M=ShellAPI ACBP=A9
 0001:00041C7C 00000038 C=CODE     S=.text    G=(none)   M=RegStr   ACBP=A9
 0001:00041CB4 00000038 C=CODE     S=.text    G=(none)   M=WinInet  ACBP=A9
 0001:00041CEC 00000038 C=CODE     S=.text    G=(none)   M=UrlMon   ACBP=A9
 0001:00041D24 000000A0 C=CODE     S=.text    G=(none)   M=ShlObj   ACBP=A9
 0001:00041DC4 00000068 C=CODE     S=.text    G=(none)   M=CommDlg  ACBP=A9
 0001:00041E2C 00000038 C=CODE     S=.text    G=(none)   M=Dlgs     ACBP=A9
 0001:00041E64 00003DA1 C=CODE     S=.text    G=(none)   M=Dialogs  ACBP=A9
 0001:00045C08 00005512 C=CODE     S=.text    G=(none)   M=ExtCtrls ACBP=A9
 0001:0004B11C 000000E8 C=CODE     S=.text    G=(none)   M=ComStrs  ACBP=A9
 0001:0004B204 00000978 C=CODE     S=.text    G=(none)   M=Clipbrd  ACBP=A9
 0001:0004BB7C 000002C8 C=CODE     S=.text    G=(none)   M=StrUtils ACBP=A9
 0001:0004BE44 00002E7D C=CODE     S=.text    G=(none)   M=Buttons  ACBP=A9
 0001:0004ECC4 00000E28 C=CODE     S=.text    G=(none)   M=ExtDlgs  ACBP=A9
 0001:0004FAEC 000023E4 C=CODE     S=.text    G=(none)   M=IniFiles ACBP=A9
 0001:00051ED0 000026A8 C=CODE     S=.text    G=(none)   M=Registry ACBP=A9
 0001:00054578 00000070 C=CODE     S=.text    G=(none)   M=Mapi     ACBP=A9
 0001:000545E8 0000005C C=CODE     S=.text    G=(none)   M=ExtActns ACBP=A9
 0001:00054644 000020F4 C=CODE     S=.text    G=(none)   M=ListActns ACBP=A9
 0001:00056738 00028814 C=CODE     S=.text    G=(none)   M=ComCtrls ACBP=A9
 0001:0007EF4C 00001380 C=CODE     S=.text    G=(none)   M=Themes   ACBP=A9
 0001:000802CC 0000D7BC C=CODE     S=.text    G=(none)   M=StdCtrls ACBP=A9
 0001:0008DA88 00000984 C=CODE     S=.text    G=(none)   M=StdActns ACBP=A9
 0001:0008E40C 00000EAF C=CODE     S=.text    G=(none)   M=WinHelpViewer ACBP=A9
 0001:0008F2BC 00015AA7 C=CODE     S=.text    G=(none)   M=Controls ACBP=A9
 0001:000A4D64 000021A6 C=CODE     S=.text    G=(none)   M=ActnList ACBP=A9
 0001:000A6F0C 00002370 C=CODE     S=.text    G=(none)   M=ImgList  ACBP=A9
 0001:000A927C 00007BF5 C=CODE     S=.text    G=(none)   M=Menus    ACBP=A9
 0001:000B0E74 0000F848 C=CODE     S=.text    G=(none)   M=Forms    ACBP=A9
 0001:000C06BC 00000C64 C=CODE     S=.text    G=(none)   M=MaskUtils ACBP=A9
 0001:000C1320 000000A8 C=CODE     S=.text    G=(none)   M=DateUtils ACBP=A9
 0001:000C13C8 00000290 C=CODE     S=.text    G=(none)   M=DBConsts ACBP=A9
 0001:000C1658 000013C3 C=CODE     S=.text    G=(none)   M=SqlTimSt ACBP=A9
 0001:000C2A1C 0000551B C=CODE     S=.text    G=(none)   M=FMTBcd   ACBP=A9
 0001:000C7F38 00000060 C=CODE     S=.text    G=(none)   M=ComConst ACBP=A9
 0001:000C7F98 00001371 C=CODE     S=.text    G=(none)   M=ComObj   ACBP=A9
 0001:000C930C 00019898 C=CODE     S=.text    G=(none)   M=DB       ACBP=A9
 0001:000E2BA4 000000C4 C=CODE     S=.text    G=(none)   M=OleDB    ACBP=A9
 0001:000E2C68 000002B0 C=CODE     S=.text    G=(none)   M=ADOInt   ACBP=A9
 0001:000E2F18 00004DFC C=CODE     S=.text    G=(none)   M=DBCommon ACBP=A9
 0001:000E7D14 00000198 C=CODE     S=.text    G=(none)   M=Mtx      ACBP=A9
 0001:000E7EAC 000000B0 C=CODE     S=.text    G=(none)   M=ADOConst ACBP=A9
 0001:000E7F5C 00012962 C=CODE     S=.text    G=(none)   M=ADODB    ACBP=A9
 0001:000FA8C0 00000A28 C=CODE     S=.text    G=(none)   M=AdoConEd ACBP=A9
 0001:000FB2E8 00000090 C=CODE     S=.text    G=(none)   M=MaxMin   ACBP=A9
 0001:000FB378 0000009C C=CODE     S=.text    G=(none)   M=RXConst  ACBP=A9
 0001:000FB414 00000038 C=CODE     S=.text    G=(none)   M=RXCConst ACBP=A9
 0001:000FB44C 000016E8 C=CODE     S=.text    G=(none)   M=VCLUtils ACBP=A9
 0001:000FCB34 000008D4 C=CODE     S=.text    G=(none)   M=RxTimer  ACBP=A9
 0001:000FD408 00000F01 C=CODE     S=.text    G=(none)   M=RxHook   ACBP=A9
 0001:000FE30C 00002F38 C=CODE     S=.text    G=(none)   M=Mask     ACBP=A9
 0001:00101244 0000CB10 C=CODE     S=.text    G=(none)   M=Grids    ACBP=A9
 0001:0010DD54 000004A4 C=CODE     S=.text    G=(none)   M=rxStrUtils ACBP=A9
 0001:0010E1F8 00000E84 C=CODE     S=.text    G=(none)   M=DateUtil ACBP=A9
 0001:0010F07C 0000384C C=CODE     S=.text    G=(none)   M=FileCtrl ACBP=A9
 0001:001128C8 00000038 C=CODE     S=.text    G=(none)   M=Gauges   ACBP=A9
 0001:00112900 00000048 C=CODE     S=.text    G=(none)   M=RxPrgrss ACBP=A9
 0001:00112948 00000038 C=CODE     S=.text    G=(none)   M=FileUtil ACBP=A9
 0001:00112980 00000F28 C=CODE     S=.text    G=(none)   M=AppUtils ACBP=A9
 0001:001138A8 00000050 C=CODE     S=.text    G=(none)   M=RXProps  ACBP=A9
 0001:001138F8 000020F4 C=CODE     S=.text    G=(none)   M=Placemnt ACBP=A9
 0001:001159EC 0000648D C=CODE     S=.text    G=(none)   M=RXCtrls  ACBP=A9
 0001:0011BE7C 00002967 C=CODE     S=.text    G=(none)   M=RxGraph  ACBP=A9
 0001:0011E7E4 00000038 C=CODE     S=.text    G=(none)   M=IcoList  ACBP=A9
 0001:0011E81C 000009F0 C=CODE     S=.text    G=(none)   M=ClipIcon ACBP=A9
 0001:0011F20C 000000AC C=CODE     S=.text    G=(none)   M=AniFile  ACBP=A9
 0001:0011F2B8 00000038 C=CODE     S=.text    G=(none)   M=RxGConst ACBP=A9
 0001:0011F2F0 0000543C C=CODE     S=.text    G=(none)   M=RxGIF    ACBP=A9
 0001:0012472C 00000038 C=CODE     S=.text    G=(none)   M=Animate  ACBP=A9
 0001:00124764 00000038 C=CODE     S=.text    G=(none)   M=GIFCtrl  ACBP=A9
 0001:0012479C 00000C7C C=CODE     S=.text    G=(none)   M=dxCoreUtils ACBP=A9
 0001:00125418 000019BC C=CODE     S=.text    G=(none)   M=dxCore2  ACBP=A9
 0001:00126DD4 000019BC C=CODE     S=.text    G=(none)   M=dxButtons ACBP=A9
 0001:00128790 00000038 C=CODE     S=.text    G=(none)   M=StdVCL   ACBP=A9
 0001:001287C8 00001BDF C=CODE     S=.text    G=(none)   M=AxCtrls  ACBP=A9
 0001:0012A3A8 00000050 C=CODE     S=.text    G=(none)   M=MMSystem ACBP=A9
 0001:0012A3F8 0003911B C=CODE     S=.text    G=(none)   M=VirtualTrees ACBP=A9
 0001:00163514 00002199 C=CODE     S=.text    G=(none)   M=U_About  ACBP=A9
 0001:001656B0 000006DF C=CODE     S=.text    G=(none)   M=mc_fonctions_version ACBP=A9
 0001:00165D90 000001D0 C=CODE     S=.text    G=(none)   M=JclResources ACBP=A9
 0001:00165F60 00000068 C=CODE     S=.text    G=(none)   M=JclBase  ACBP=A9
 0001:00165FC8 00000038 C=CODE     S=.text    G=(none)   M=JclWideStrings ACBP=A9
 0001:00166000 00000038 C=CODE     S=.text    G=(none)   M=AccCtrl  ACBP=A9
 0001:00166038 00000038 C=CODE     S=.text    G=(none)   M=JclWin32 ACBP=A9
 0001:00166070 00000038 C=CODE     S=.text    G=(none)   M=WinSock  ACBP=A9
 0001:001660A8 00000038 C=CODE     S=.text    G=(none)   M=Snmp     ACBP=A9
 0001:001660E0 00000038 C=CODE     S=.text    G=(none)   M=JclRegistry ACBP=A9
 0001:00166118 00000038 C=CODE     S=.text    G=(none)   M=TlHelp32 ACBP=A9
 0001:00166150 00000038 C=CODE     S=.text    G=(none)   M=PsAPI    ACBP=A9
 0001:00166188 00000038 C=CODE     S=.text    G=(none)   M=Jcl8087  ACBP=A9
 0001:001661C0 00000038 C=CODE     S=.text    G=(none)   M=JclIniFiles ACBP=A9
 0001:001661F8 000022FD C=CODE     S=.text    G=(none)   M=JclSysInfo ACBP=A9
 0001:001684F8 00000044 C=CODE     S=.text    G=(none)   M=JclShell ACBP=A9
 0001:0016853C 00000038 C=CODE     S=.text    G=(none)   M=JclDateTime ACBP=A9
 0001:00168574 00000038 C=CODE     S=.text    G=(none)   M=JclSecurity ACBP=A9
 0001:001685AC 00000124 C=CODE     S=.text    G=(none)   M=JclFileUtils ACBP=A9
 0001:001686D0 00000038 C=CODE     S=.text    G=(none)   M=JclConsole ACBP=A9
 0001:00168708 00000038 C=CODE     S=.text    G=(none)   M=JclMath  ACBP=A9
 0001:00168740 00000084 C=CODE     S=.text    G=(none)   M=JclSysUtils ACBP=A9
 0001:001687C4 00000038 C=CODE     S=.text    G=(none)   M=JclLogic ACBP=A9
 0001:001687FC 00000130 C=CODE     S=.text    G=(none)   M=JclStrings ACBP=A9
 0001:0016892C 00000CFC C=CODE     S=.text    G=(none)   M=mc_fonction_string ACBP=A9
 0001:00169628 000000C0 C=CODE     S=.text    G=(none)   M=VDBConsts ACBP=A9
 0001:001696E8 00000790 C=CODE     S=.text    G=(none)   M=DBLogDlg ACBP=A9
 0001:00169E78 0000059D C=CODE     S=.text    G=(none)   M=DBPWDlg  ACBP=A9
 0001:0016A418 0000FAB8 C=CODE     S=.text    G=(none)   M=DBCtrls  ACBP=A9
 0001:00179ED0 0000A680 C=CODE     S=.text    G=(none)   M=DBGrids  ACBP=A9
 0001:00184550 0000029C C=CODE     S=.text    G=(none)   M=mc_constantes_messages ACBP=A9
 0001:001847EC 00000DEC C=CODE     S=.text    G=(none)   M=mc_fonctions_init ACBP=A9
 0001:001855D8 00003D20 C=CODE     S=.text    G=(none)   M=BDE      ACBP=A9
 0001:001892F8 00000068 C=CODE     S=.text    G=(none)   M=SMINTF   ACBP=A9
 0001:00189360 00000120 C=CODE     S=.text    G=(none)   M=bdeconst ACBP=A9
 0001:00189480 000123B8 C=CODE     S=.text    G=(none)   M=DBTables ACBP=A9
 0001:0019B838 00003380 C=CODE     S=.text    G=(none)   M=PickDate ACBP=A9
 0001:0019EBB8 00003E00 C=CODE     S=.text    G=(none)   M=ToolEdit ACBP=A9
 0001:001A29B8 000000A0 C=CODE     S=.text    G=(none)   M=RxCalc   ACBP=A9
 0001:001A2A58 00002808 C=CODE     S=.text    G=(none)   M=CurrEdit ACBP=A9
 0001:001A5260 00000038 C=CODE     S=.text    G=(none)   M=RXDConst ACBP=A9
 0001:001A5298 00000B10 C=CODE     S=.text    G=(none)   M=DBUtils  ACBP=A9
 0001:001A5DA8 00005818 C=CODE     S=.text    G=(none)   M=RXDBCtrl ACBP=A9
 0001:001AB5C0 000003E0 C=CODE     S=.text    G=(none)   M=QR3Const ACBP=A9
 0001:001AB9A0 000002E4 C=CODE     S=.text    G=(none)   M=QRPrgres ACBP=A9
 0001:001ABC84 000072F4 C=CODE     S=.text    G=(none)   M=QRExpr   ACBP=A9
 0001:001B2F78 00000664 C=CODE     S=.text    G=(none)   M=QRLablEd ACBP=A9
 0001:001B35DC 00000038 C=CODE     S=.text    G=(none)   M=QRExprEd ACBP=A9
 0001:001B3614 000047C8 C=CODE     S=.text    G=(none)   M=QRCtrls  ACBP=A9
 0001:001B7DDC 00000C8F C=CODE     S=.text    G=(none)   M=QRPrnSu  ACBP=A9
 0001:001B8A6C 00000060 C=CODE     S=.text    G=(none)   M=OleConst ACBP=A9
 0001:001B8ACC 00003C91 C=CODE     S=.text    G=(none)   M=OleCtrls ACBP=A9
 0001:001BC760 00000038 C=CODE     S=.text    G=(none)   M=QRAbout  ACBP=A9
 0001:001BC798 00000038 C=CODE     S=.text    G=(none)   M=QRCompEd ACBP=A9
 0001:001BC7D0 00000098 C=CODE     S=.text    G=(none)   M=QRExtra  ACBP=A9
 0001:001BC868 00000038 C=CODE     S=.text    G=(none)   M=QREnvEd  ACBP=A9
 0001:001BC8A0 00000038 C=CODE     S=.text    G=(none)   M=QRExpBld ACBP=A9
 0001:001BC8D8 00000C7C C=CODE     S=.text    G=(none)   M=QRPrev   ACBP=A9
 0001:001BD554 00004326 C=CODE     S=.text    G=(none)   M=QRPrntr  ACBP=A9
 0001:001C187C 0000B419 C=CODE     S=.text    G=(none)   M=QuickRpt ACBP=A9
 0001:001CCC98 00000EB0 C=CODE     S=.text    G=(none)   M=UnitReport ACBP=A9
 0001:001CDB48 00000050 C=CODE     S=.text    G=(none)   M=JConsts  ACBP=A9
 0001:001CDB98 000133EC C=CODE     S=.text    G=(none)   M=jpeg     ACBP=A9
 0001:001E0F84 00000440 C=CODE     S=.text    G=(none)   M=ExDateTimePicker ACBP=A9
 0001:001E13C4 000009F0 C=CODE     S=.text    G=(none)   M=ExDBQbf  ACBP=A9
 0001:001E1DB4 00001475 C=CODE     S=.text    G=(none)   M=BdeUtils ACBP=A9
 0001:001E322C 00000038 C=CODE     S=.text    G=(none)   M=RxQuery  ACBP=A9
 0001:001E3264 00000038 C=CODE     S=.text    G=(none)   M=RxMemDS  ACBP=A9
 0001:001E329C 00000038 C=CODE     S=.text    G=(none)   M=JvConsts ACBP=A9
 0001:001E32D4 0000006C C=CODE     S=.text    G=(none)   M=JVCLVer  ACBP=A9
 0001:001E3340 00000280 C=CODE     S=.text    G=(none)   M=JvResources ACBP=A9
 0001:001E35C0 0000072C C=CODE     S=.text    G=(none)   M=JvTypes  ACBP=A9
 0001:001E3CEC 0000030F C=CODE     S=.text    G=(none)   M=JvThemes ACBP=A9
 0001:001E3FFC 000011FC C=CODE     S=.text    G=(none)   M=JvExControls ACBP=A9
 0001:001E51F8 00000038 C=CODE     S=.text    G=(none)   M=JvExExtCtrls ACBP=A9
 0001:001E5230 00000A74 C=CODE     S=.text    G=(none)   M=JvExForms ACBP=A9
 0001:001E5CA4 000016E8 C=CODE     S=.text    G=(none)   M=JvExStdCtrls ACBP=A9
 0001:001E738C 00000A8C C=CODE     S=.text    G=(none)   M=JvExComCtrls ACBP=A9
 0001:001E7E18 000002E0 C=CODE     S=.text    G=(none)   M=JvComponent ACBP=A9
 0001:001E80F8 000001BF C=CODE     S=.text    G=(none)   M=JclRTTI  ACBP=A9
 0001:001E82B8 00000038 C=CODE     S=.text    G=(none)   M=JclMime  ACBP=A9
 0001:001E82F0 00000038 C=CODE     S=.text    G=(none)   M=JvPropertyStore ACBP=A9
 0001:001E8328 0000013B C=CODE     S=.text    G=(none)   M=JvAppStorage ACBP=A9
 0001:001E8464 00000A28 C=CODE     S=.text    G=(none)   M=JvJCLUtils ACBP=A9
 0001:001E8E8C 00000044 C=CODE     S=.text    G=(none)   M=JvProgressUtils ACBP=A9
 0001:001E8ED0 000011D7 C=CODE     S=.text    G=(none)   M=JvJVCLUtils ACBP=A9
 0001:001EA0A8 00000554 C=CODE     S=.text    G=(none)   M=JvDBUtils ACBP=A9
 0001:001EA5FC 00000038 C=CODE     S=.text    G=(none)   M=JvMemoryDataset ACBP=A9
 0001:001EA634 000001F8 C=CODE     S=.text    G=(none)   M=AdvStatusBar ACBP=A9
 0001:001EA82C 00001A04 C=CODE     S=.text    G=(none)   M=ExDBGridCtls ACBP=A9
 0001:001EC230 00001B77 C=CODE     S=.text    G=(none)   M=CheckLst ACBP=A9
 0001:001EDDA8 00000AC4 C=CODE     S=.text    G=(none)   M=ExRxColSelect ACBP=A9
 0001:001EE86C 00000038 C=CODE     S=.text    G=(none)   M=ExRxDBGridToWord ACBP=A9
 0001:001EE8A4 00000038 C=CODE     S=.text    G=(none)   M=ExRxUltimDBFooter ACBP=A9
 0001:001EE8DC 000017E0 C=CODE     S=.text    G=(none)   M=mc_fonctions_erreurs ACBP=A9
 0001:001F00BC 00013E8C C=CODE     S=.text    G=(none)   M=ExRxDBGrid ACBP=A9
 0001:00203F48 00007710 C=CODE     S=.text    G=(none)   M=RxLookup ACBP=A9
 0001:0020B658 00004288 C=CODE     S=.text    G=(none)   M=JvSpeedButton ACBP=A9
 0001:0020F8E0 00000BCC C=CODE     S=.text    G=(none)   M=JvExMask ACBP=A9
 0001:002104AC 00000044 C=CODE     S=.text    G=(none)   M=JvButton ACBP=A9
 0001:002104F0 00000038 C=CODE     S=.text    G=(none)   M=JvBaseDlg ACBP=A9
 0001:00210528 00000038 C=CODE     S=.text    G=(none)   M=JvBrowseFolder ACBP=A9
 0001:00210560 00000038 C=CODE     S=.text    G=(none)   M=JvExGrids ACBP=A9
 0001:00210598 00000038 C=CODE     S=.text    G=(none)   M=JvPickDate ACBP=A9
 0001:002105D0 00003488 C=CODE     S=.text    G=(none)   M=JvToolEdit ACBP=A9
 0001:00213A58 00008720 C=CODE     S=.text    G=(none)   M=JvDBLookup ACBP=A9
 0001:0021C178 00001E64 C=CODE     S=.text    G=(none)   M=AdvToolBtn ACBP=A9
 0001:0021DFDC 0000304C C=CODE     S=.text    G=(none)   M=DBAdvNavigator ACBP=A9
 0001:00221028 0000094F C=CODE     S=.text    G=(none)   M=GraphUtil ACBP=A9
 0001:00221978 00000038 C=CODE     S=.text    G=(none)   M=ShadowWnd ACBP=A9
 0001:002219B0 00000038 C=CODE     S=.text    G=(none)   M=ActnColorMaps ACBP=A9
 0001:002219E8 00000038 C=CODE     S=.text    G=(none)   M=ActnCtrls ACBP=A9
 0001:00221A20 00000053 C=CODE     S=.text    G=(none)   M=ActnMenus ACBP=A9
 0001:00221A74 000006F0 C=CODE     S=.text    G=(none)   M=ActnMan  ACBP=A9
 0001:00222164 00001674 C=CODE     S=.text    G=(none)   M=PictureContainer ACBP=A9
 0001:002237D8 00000248 C=CODE     S=.text    G=(none)   M=AlvUtil  ACBP=A9
 0001:00223A20 0000EA98 C=CODE     S=.text    G=(none)   M=AdvListV ACBP=A9
 0001:002324B8 000013B4 C=CODE     S=.text    G=(none)   M=mc_fonction_variant ACBP=A9
 0001:0023386C 00002FB0 C=CODE     S=.text    G=(none)   M=dbcgrids ACBP=A9
 0001:0023681C 00000038 C=CODE     S=.text    G=(none)   M=JvPageList ACBP=A9
 0001:00236854 000008C0 C=CODE     S=.text    G=(none)   M=JvDateTimePicker ACBP=A9
 0001:00237114 0000023C C=CODE     S=.text    G=(none)   M=mc_fonctions_proprietes ACBP=A9
 0001:00237350 00000F14 C=CODE     S=.text    G=(none)   M=mc_fonctions_db ACBP=A9
 0001:00238264 00000C38 C=CODE     S=.text    G=(none)   M=JvDBDateTimePicker ACBP=A9
 0001:00238E9C 00000504 C=CODE     S=.text    G=(none)   M=JvCaret  ACBP=A9
 0001:002393A0 000002F8 C=CODE     S=.text    G=(none)   M=JvMaxPixel ACBP=A9
 0001:00239698 00000EAC C=CODE     S=.text    G=(none)   M=JvFixedEditPopUp ACBP=A9
 0001:0023A544 00001DD8 C=CODE     S=.text    G=(none)   M=JvEdit   ACBP=A9
 0001:0023C31C 00000038 C=CODE     S=.text    G=(none)   M=JvMaskEdit ACBP=A9
 0001:0023C354 00000038 C=CODE     S=.text    G=(none)   M=JvSpin   ACBP=A9
 0001:0023C38C 00000038 C=CODE     S=.text    G=(none)   M=JvDBSpinEdit ACBP=A9
 0001:0023C3C4 00000710 C=CODE     S=.text    G=(none)   M=mc_fonctions_numedit ACBP=A9
 0001:0023CAD4 00002A72 C=CODE     S=.text    G=(none)   M=U_MCNumEdits ACBP=A9
 0001:0023F548 00002642 C=CODE     S=.text    G=(none)   M=U_MCColorComboBox ACBP=A9
 0001:00241B8C 00000734 C=CODE     S=.text    G=(none)   M=JvXPCoreUtils ACBP=A9
 0001:002422C0 00000850 C=CODE     S=.text    G=(none)   M=JvXPCore ACBP=A9
 0001:00242B10 00004934 C=CODE     S=.text    G=(none)   M=JvXPBar  ACBP=A9
 0001:00247444 000000A4 C=CODE     S=.text    G=(none)   M=TB97Vers ACBP=A9
 0001:002474E8 00000630 C=CODE     S=.text    G=(none)   M=TB97Cmn  ACBP=A9
 0001:00247B18 00000070 C=CODE     S=.text    G=(none)   M=TB97Cnst ACBP=A9
 0001:00247B88 00009994 C=CODE     S=.text    G=(none)   M=TB97     ACBP=A9
 0001:0025151C 00002B8C C=CODE     S=.text    G=(none)   M=TB97Tlbr ACBP=A9
 0001:002540A8 0000043C C=CODE     S=.text    G=(none)   M=mc_fonctions_aide ACBP=A9
 0001:002544E4 0000FA16 C=CODE     S=.text    G=(none)   M=U_MCAdvGroupView ACBP=A9
 0001:00263EFC 0001CC90 C=CODE     S=.text    G=(none)   M=U_McFormDico ACBP=A9
 0001:00280B8C 00002AD4 C=CODE     S=.text    G=(none)   M=U_McFormMainIni ACBP=A9
 0001:00283660 00000140 C=CODE     S=.text    G=(none)   M=Spin     ACBP=A9
 0001:002837A0 000013BC C=CODE     S=.text    G=(none)   M=RbPanel  ACBP=A9
 0001:00284B5C 00000038 C=CODE     S=.text    G=(none)   M=RbProgressBar ACBP=A9
 0001:00284B94 00000038 C=CODE     S=.text    G=(none)   M=RbButton ACBP=A9
 0001:00284BCC 00000038 C=CODE     S=.text    G=(none)   M=RbCheckBox ACBP=A9
 0001:00284C04 00000038 C=CODE     S=.text    G=(none)   M=RbRadioButton ACBP=A9
 0001:00284C3C 00002A6C C=CODE     S=.text    G=(none)   M=RbDrawCore ACBP=A9
 0001:002876A8 00000E6C C=CODE     S=.text    G=(none)   M=RbSplitter ACBP=A9
 0001:00288514 00000038 C=CODE     S=.text    G=(none)   M=RXSplit  ACBP=A9
 0001:0028854C 00000038 C=CODE     S=.text    G=(none)   M=RXSwitch ACBP=A9
 0001:00288584 000006AC C=CODE     S=.text    G=(none)   M=MCPageControl ACBP=A9
 0001:00288C30 00002858 C=CODE     S=.text    G=(none)   M=SvgFormInfoIni ACBP=A9
 0001:0028B488 00000038 C=CODE     S=.text    G=(none)   M=dxContainer ACBP=A9
 0001:0028B4C0 00000CE0 C=CODE     S=.text    G=(none)   M=TB97Tlwn ACBP=A9
 0001:0028C1A0 00000854 C=CODE     S=.text    G=(none)   M=JvTransLED ACBP=A9
 0001:0028C9F4 00000038 C=CODE     S=.text    G=(none)   M=TB97Ctls ACBP=A9
 0001:0028CA2C 00000038 C=CODE     S=.text    G=(none)   M=RxLogin  ACBP=A9
 0001:0028CA64 00000E94 C=CODE     S=.text    G=(none)   M=StoHtmlHelp ACBP=A9
 0001:0028D8F8 00000667 C=CODE     S=.text    G=(none)   M=JvWinDialogs ACBP=A9
 0001:0028DF60 00001DC0 C=CODE     S=.text    G=(none)   M=DBAdvLst ACBP=A9
 0001:0028FD20 00000FE4 C=CODE     S=.text    G=(none)   M=JvDialogs ACBP=A9
 0001:00290D04 00000571 C=CODE     S=.text    G=(none)   M=JclGraphUtils ACBP=A9
 0001:00291278 00000121 C=CODE     S=.text    G=(none)   M=JclGraphics ACBP=A9
 0001:0029139C 00000CF4 C=CODE     S=.text    G=(none)   M=mc_fonctions_images ACBP=A9
 0001:00292090 00000510 C=CODE     S=.text    G=(none)   M=U_MotPasse ACBP=A9
 0001:002925A0 0000C6D8 C=CODE     S=.text    G=(none)   M=U_Administration ACBP=A9
 0001:0029EC78 0000065C C=CODE     S=.text    G=(none)   M=JvScrollBox ACBP=A9
 0001:0029F2D4 000002AC C=CODE     S=.text    G=(none)   M=U_MCScrollBox ACBP=A9
 0001:0029F580 00000038 C=CODE     S=.text    G=(none)   M=MPlayer  ACBP=A9
 0001:0029F5B8 000007C0 C=CODE     S=.text    G=(none)   M=U_Splash ACBP=A9
 0001:0029FD78 0000519B C=CODE     S=.text    G=(none)   M=mc_fonctions_Objets_Dynamiques ACBP=A9
 0001:002A4F14 00000038 C=CODE     S=.text    G=(none)   M=U_ConstMessage ACBP=A9
 0001:002A4F4C 00000C0C C=CODE     S=.text    G=(none)   M=U_Acces  ACBP=A9
 0001:002A5B58 00000354 C=CODE     S=.text    G=(none)   M=U_Donnees ACBP=A9
 0001:002A5EAC 000062AF C=CODE     S=.text    G=(none)   M=U_FenetrePrincipale ACBP=A9
 0001:002AC15C 00000038 C=CODE     S=.text    G=(none)   M=UltimDBSelect ACBP=A9
 0001:002AC194 000004E8 C=CODE     S=.text    G=(none)   M=UltimDBSort ACBP=A9
 0001:002AC67C 000004E8 C=CODE     S=.text    G=(none)   M=UltimDBFilter ACBP=A9
 0001:002ACB64 000004E8 C=CODE     S=.text    G=(none)   M=UltimDBConfig ACBP=A9
 0001:002AD04C 000004E8 C=CODE     S=.text    G=(none)   M=UltimDBExport ACBP=A9
 0001:002AD534 00000038 C=CODE     S=.text    G=(none)   M=UltimDBReport ACBP=A9
 0001:002AD56C 00000038 C=CODE     S=.text    G=(none)   M=UltimDBFooter ACBP=A9
 0001:002AD5A4 000004E8 C=CODE     S=.text    G=(none)   M=UltimDBGrid ACBP=A9
 0001:002ADA8C 00001610 C=CODE     S=.text    G=(none)   M=dxCore   ACBP=A9
 0001:002AF09C 00000038 C=CODE     S=.text    G=(none)   M=JvLinkedControls ACBP=A9
 0001:002AF0D4 00000038 C=CODE     S=.text    G=(none)   M=JvRadioButton ACBP=A9
 0001:002AF10C 00009A60 C=CODE     S=.text    G=(none)   M=VirtualDBTreeEx ACBP=A9
 0001:002B8B6C 000018BC C=CODE     S=.text    G=(none)   M=dxButton ACBP=A9
 0001:002BA428 00000928 C=CODE     S=.text    G=(none)   M=U_CodePostal ACBP=A9
 0001:002BAD50 0000BAE0 C=CODE     S=.text    G=(none)   M=CRDynamic ACBP=A9
 0001:002C6830 000039C8 C=CODE     S=.text    G=(none)   M=UCrpeUtl ACBP=A9
 0001:002CA1F8 0002EF98 C=CODE     S=.text    G=(none)   M=UCrpeClasses ACBP=A9
 0001:002F9190 000733BC C=CODE     S=.text    G=(none)   M=UCrpe32  ACBP=A9
 0001:0036C54C 000001AC C=CODE     S=.text    G=(none)   M=IdException ACBP=A9
 0001:0036C6F8 000001A0 C=CODE     S=.text    G=(none)   M=IdResourceStrings ACBP=A9
 0001:0036C898 0000117F C=CODE     S=.text    G=(none)   M=IdWinSock2 ACBP=A9
 0001:0036DA18 00000038 C=CODE     S=.text    G=(none)   M=IdStackConsts ACBP=A9
 0001:0036DA50 000008C8 C=CODE     S=.text    G=(none)   M=IdStack  ACBP=A9
 0001:0036E318 0000145C C=CODE     S=.text    G=(none)   M=IdStackWindows ACBP=A9
 0001:0036F774 00000038 C=CODE     S=.text    G=(none)   M=IdURI    ACBP=A9
 0001:0036F7AC 000006A4 C=CODE     S=.text    G=(none)   M=IdGlobal ACBP=A9
 0001:0036FE50 00000D0C C=CODE     S=.text    G=(none)   M=dxCheckCtrls ACBP=A9
 0001:00370B5C 000023EC C=CODE     S=.text    G=(none)   M=U_MCDBLookupComboBoxEdit ACBP=A9
 0001:00372F48 00000B12 C=CODE     S=.text    G=(none)   M=OleServer ACBP=A9
 0001:00373A5C 00000038 C=CODE     S=.text    G=(none)   M=OfficeXP ACBP=A9
 0001:00373A94 00000038 C=CODE     S=.text    G=(none)   M=VBIDEXP  ACBP=A9
 0001:00373ACC 00000038 C=CODE     S=.text    G=(none)   M=WordXP   ACBP=A9
 0001:00373B04 00000038 C=CODE     S=.text    G=(none)   M=Office2000 ACBP=A9
 0001:00373B3C 00000038 C=CODE     S=.text    G=(none)   M=VBIDE2000 ACBP=A9
 0001:00373B74 00001154 C=CODE     S=.text    G=(none)   M=Word2000 ACBP=A9
 0001:00374CC8 000012D8 C=CODE     S=.text    G=(none)   M=JvMemo   ACBP=A9
 0001:00375FA0 000009C0 C=CODE     S=.text    G=(none)   M=U_TypeFinition ACBP=A9
 0001:00376960 00001090 C=CODE     S=.text    G=(none)   M=U_Comportement ACBP=A9
 0001:003779F0 00003B68 C=CODE     S=.text    G=(none)   M=U_Structure ACBP=A9
 0001:0037B558 00001D34 C=CODE     S=.text    G=(none)   M=U_DmCompose ACBP=A9
 0001:0037D28C 00002578 C=CODE     S=.text    G=(none)   M=U_Composant ACBP=A9
 0001:0037F804 00000038 C=CODE     S=.text    G=(none)   M=JvExCheckLst ACBP=A9
 0001:0037F83C 00000038 C=CODE     S=.text    G=(none)   M=JvItemsSearchs ACBP=A9
 0001:0037F874 00000038 C=CODE     S=.text    G=(none)   M=JvCheckListBox ACBP=A9
 0001:0037F8AC 0000035C C=CODE     S=.text    G=(none)   M=JvDataProviderIntf ACBP=A9
 0001:0037FC08 00009D43 C=CODE     S=.text    G=(none)   M=JvDataProvider ACBP=A9
 0001:0038994C 00000038 C=CODE     S=.text    G=(none)   M=JvCombobox ACBP=A9
 0001:00389984 00001778 C=CODE     S=.text    G=(none)   M=U_Representant ACBP=A9
 0001:0038B0FC 00001680 C=CODE     S=.text    G=(none)   M=U_RepSecteur ACBP=A9
 0001:0038C77C 000005C8 C=CODE     S=.text    G=(none)   M=U_Modalite ACBP=A9
 0001:0038CD44 0000266C C=CODE     S=.text    G=(none)   M=U_Prodrepr ACBP=A9
 0001:0038F3B0 00001A08 C=CODE     S=.text    G=(none)   M=U_DmArticle ACBP=A9
 0001:00390DB8 00002E1C C=CODE     S=.text    G=(none)   M=U_ComposeArticle ACBP=A9
 0001:00393BD4 00000BEC C=CODE     S=.text    G=(none)   M=U_Interloc ACBP=A9
 0001:003947C0 00000720 C=CODE     S=.text    G=(none)   M=U_Affectation ACBP=A9
 0001:00394EE0 00001524 C=CODE     S=.text    G=(none)   M=U_Previewcrystal ACBP=A9
 0001:00396404 000063A8 C=CODE     S=.text    G=(none)   M=U_Dmdevis ACBP=A9
 0001:0039C7AC 0001CA5C C=CODE     S=.text    G=(none)   M=U_Devis  ACBP=A9
 0001:003B9208 00001820 C=CODE     S=.text    G=(none)   M=U_Commande ACBP=A9
 0001:003BAA28 000002C8 C=CODE     S=.text    G=(none)   M=U_Dmcommande ACBP=A9
 0001:003BACF0 000044E0 C=CODE     S=.text    G=(none)   M=U_Client ACBP=A9
 0001:003BF1D0 00002B6C C=CODE     S=.text    G=(none)   M=U_DmDonn ACBP=A9
 0001:003C1D3C 00000F38 C=CODE     S=.text    G=(none)   M=U_Finition ACBP=A9
 0001:003C2C74 00005A6C C=CODE     S=.text    G=(none)   M=U_SeleArticle ACBP=A9
 0001:003C86E0 000004C4 C=CODE     S=.text    G=(none)   M=U_Categorie ACBP=A9
 0001:003C8BA4 00000500 C=CODE     S=.text    G=(none)   M=U_Famille ACBP=A9
 0001:003C90A4 000008B8 C=CODE     S=.text    G=(none)   M=U_Fournisseur ACBP=A9
 0001:003C995C 00000038 C=CODE     S=.text    G=(none)   M=OleDlg   ACBP=A9
 0001:003C9994 00000142 C=CODE     S=.text    G=(none)   M=OleCtnrs ACBP=A9
 0001:003C9AD8 00000264 C=CODE     S=.text    G=(none)   M=RxRichEd ACBP=A9
 0001:003C9D3C 00000038 C=CODE     S=.text    G=(none)   M=DBRichEd ACBP=A9
 0001:003C9D74 00000794 C=CODE     S=.text    G=(none)   M=U_Jalonnement ACBP=A9
 0001:003CA508 000001F8 C=CODE     S=.text    G=(none)   M=U_ListeCoul ACBP=A9
 0001:003CA700 00000914 C=CODE     S=.text    G=(none)   M=U_Assistante ACBP=A9
 0001:003CB014 000004C0 C=CODE     S=.text    G=(none)   M=U_TVA    ACBP=A9
 0001:003CB4D4 00000934 C=CODE     S=.text    G=(none)   M=U_Typedevis ACBP=A9
 0001:003CBE08 000004B0 C=CODE     S=.text    G=(none)   M=U_Motifcloture ACBP=A9
 0001:003CC2B8 00000564 C=CODE     S=.text    G=(none)   M=U_comm   ACBP=A9
 0001:003CC81C 000009D8 C=CODE     S=.text    G=(none)   M=U_Famillevente ACBP=A9
 0001:003CD1F4 00000A90 C=CODE     S=.text    G=(none)   M=U_Sousfamillevente ACBP=A9
 0001:003CDC84 00000AC4 C=CODE     S=.text    G=(none)   M=U_Soussousfamvente ACBP=A9
 0001:003CE748 00000E58 C=CODE     S=.text    G=(none)   M=U_Gamme  ACBP=A9
 0001:003CF5A0 000010A8 C=CODE     S=.text    G=(none)   M=U_TypeProduit ACBP=A9
 0001:003D0648 00000BD0 C=CODE     S=.text    G=(none)   M=U_Caracteristique ACBP=A9
 0001:003D1218 00000548 C=CODE     S=.text    G=(none)   M=U_Civilite ACBP=A9
 0001:003D1760 0000087C C=CODE     S=.text    G=(none)   M=U_Pays   ACBP=A9
 0001:003D1FDC 0000067C C=CODE     S=.text    G=(none)   M=U_Prodfiche ACBP=A9
 0001:003D2658 00000C94 C=CODE     S=.text    G=(none)   M=U_SeleEditions ACBP=A9
 0001:003D32EC 000010A0 C=CODE     S=.text    G=(none)   M=FDV      ACBP=A9
 0002:00000000 000000D0 C=DATA     S=.data    G=DGROUP   M=System   ACBP=A9
 0002:000000D0 00000020 C=DATA     S=.data    G=DGROUP   M=SysInit  ACBP=A9
 0002:000000F0 00000274 C=DATA     S=.data    G=DGROUP   M=SysUtils ACBP=A9
 0002:00000364 00000110 C=DATA     S=.data    G=DGROUP   M=VarUtils ACBP=A9
 0002:00000474 000001BA C=DATA     S=.data    G=DGROUP   M=Variants ACBP=A9
 0002:00000630 0000000C C=DATA     S=.data    G=DGROUP   M=TypInfo  ACBP=A9
 0002:0000063C 00000010 C=DATA     S=.data    G=DGROUP   M=ActiveX  ACBP=A9
 0002:0000064C 00000100 C=DATA     S=.data    G=DGROUP   M=Classes  ACBP=A9
 0002:0000074C 0000030C C=DATA     S=.data    G=DGROUP   M=Graphics ACBP=A9
 0002:00000A58 0000000C C=DATA     S=.data    G=DGROUP   M=Printers ACBP=A9
 0002:00000A64 00000020 C=DATA     S=.data    G=DGROUP   M=ToolWin  ACBP=A9
 0002:00000A84 00000010 C=DATA     S=.data    G=DGROUP   M=ShlObj   ACBP=A9
 0002:00000A94 00000180 C=DATA     S=.data    G=DGROUP   M=Dialogs  ACBP=A9
 0002:00000C14 0000018C C=DATA     S=.data    G=DGROUP   M=ExtCtrls ACBP=A9
 0002:00000DA0 00000046 C=DATA     S=.data    G=DGROUP   M=Buttons  ACBP=A9
 0002:00000DE8 00000008 C=DATA     S=.data    G=DGROUP   M=IniFiles ACBP=A9
 0002:00000DF0 00000008 C=DATA     S=.data    G=DGROUP   M=Registry ACBP=A9
 0002:00000DF8 00000008 C=DATA     S=.data    G=DGROUP   M=Mapi     ACBP=A9
 0002:00000E00 00000264 C=DATA     S=.data    G=DGROUP   M=ComCtrls ACBP=A9
 0002:00001064 00000068 C=DATA     S=.data    G=DGROUP   M=Themes   ACBP=A9
 0002:000010CC 00000154 C=DATA     S=.data    G=DGROUP   M=StdCtrls ACBP=A9
 0002:00001220 00000004 C=DATA     S=.data    G=DGROUP   M=StdActns ACBP=A9
 0002:00001224 0000013C C=DATA     S=.data    G=DGROUP   M=Controls ACBP=A9
 0002:00001360 00000020 C=DATA     S=.data    G=DGROUP   M=ImgList  ACBP=A9
 0002:00001380 000000EC C=DATA     S=.data    G=DGROUP   M=Menus    ACBP=A9
 0002:0000146C 00000130 C=DATA     S=.data    G=DGROUP   M=Forms    ACBP=A9
 0002:0000159C 00000009 C=DATA     S=.data    G=DGROUP   M=MaskUtils ACBP=A9
 0002:000015A8 0000003C C=DATA     S=.data    G=DGROUP   M=SqlTimSt ACBP=A9
 0002:000015E4 00000065 C=DATA     S=.data    G=DGROUP   M=FMTBcd   ACBP=A9
 0002:0000164C 00000030 C=DATA     S=.data    G=DGROUP   M=ComObj   ACBP=A9
 0002:0000167C 0000021E C=DATA     S=.data    G=DGROUP   M=DB       ACBP=A9
 0002:0000189C 00000010 C=DATA     S=.data    G=DGROUP   M=OleDB    ACBP=A9
 0002:000018AC 00000060 C=DATA     S=.data    G=DGROUP   M=ADOInt   ACBP=A9
 0002:0000190C 0000001C C=DATA     S=.data    G=DGROUP   M=DBCommon ACBP=A9
 0002:00001928 00000020 C=DATA     S=.data    G=DGROUP   M=Mtx      ACBP=A9
 0002:00001948 00000294 C=DATA     S=.data    G=DGROUP   M=ADODB    ACBP=A9
 0002:00001BDC 00000008 C=DATA     S=.data    G=DGROUP   M=AdoConEd ACBP=A9
 0002:00001BE4 00000020 C=DATA     S=.data    G=DGROUP   M=VCLUtils ACBP=A9
 0002:00001C04 00000004 C=DATA     S=.data    G=DGROUP   M=Mask     ACBP=A9
 0002:00001C08 00000006 C=DATA     S=.data    G=DGROUP   M=Grids    ACBP=A9
 0002:00001C10 0000003C C=DATA     S=.data    G=DGROUP   M=DateUtil ACBP=A9
 0002:00001C4C 0000000E C=DATA     S=.data    G=DGROUP   M=FileCtrl ACBP=A9
 0002:00001C5C 00000004 C=DATA     S=.data    G=DGROUP   M=RxPrgrss ACBP=A9
 0002:00001C60 00000009 C=DATA     S=.data    G=DGROUP   M=AppUtils ACBP=A9
 0002:00001C6C 00000004 C=DATA     S=.data    G=DGROUP   M=RXProps  ACBP=A9
 0002:00001C70 0000000A C=DATA     S=.data    G=DGROUP   M=Placemnt ACBP=A9
 0002:00001C7C 00000018 C=DATA     S=.data    G=DGROUP   M=RXCtrls  ACBP=A9
 0002:00001C94 00000020 C=DATA     S=.data    G=DGROUP   M=RxGraph  ACBP=A9
 0002:00001CB4 0000003C C=DATA     S=.data    G=DGROUP   M=RxGIF    ACBP=A9
 0002:00001CF0 0000038C C=DATA     S=.data    G=DGROUP   M=VirtualTrees ACBP=A9
 0002:0000207C 0000002C C=DATA     S=.data    G=DGROUP   M=U_About  ACBP=A9
 0002:000020A8 0000002C C=DATA     S=.data    G=DGROUP   M=mc_fonctions_version ACBP=A9
 0002:000020D4 0000047C C=DATA     S=.data    G=DGROUP   M=JclSysInfo ACBP=A9
 0002:00002550 00000004 C=DATA     S=.data    G=DGROUP   M=JclShell ACBP=A9
 0002:00002554 00000008 C=DATA     S=.data    G=DGROUP   M=JclSysUtils ACBP=A9
 0002:0000255C 00000001 C=DATA     S=.data    G=DGROUP   M=JclStrings ACBP=A9
 0002:00002560 00000028 C=DATA     S=.data    G=DGROUP   M=mc_fonction_string ACBP=A9
 0002:00002588 00000044 C=DATA     S=.data    G=DGROUP   M=DBCtrls  ACBP=A9
 0002:000025CC 00000028 C=DATA     S=.data    G=DGROUP   M=DBGrids  ACBP=A9
 0002:000025F4 00000028 C=DATA     S=.data    G=DGROUP   M=mc_constantes_messages ACBP=A9
 0002:0000261C 00000030 C=DATA     S=.data    G=DGROUP   M=mc_fonctions_init ACBP=A9
 0002:0000264C 00000C50 C=DATA     S=.data    G=DGROUP   M=BDE      ACBP=A9
 0002:0000329C 00000010 C=DATA     S=.data    G=DGROUP   M=SMINTF   ACBP=A9
 0002:000032AC 00000128 C=DATA     S=.data    G=DGROUP   M=DBTables ACBP=A9
 0002:000033D4 00000018 C=DATA     S=.data    G=DGROUP   M=PickDate ACBP=A9
 0002:000033EC 00000030 C=DATA     S=.data    G=DGROUP   M=ToolEdit ACBP=A9
 0002:0000341C 00000004 C=DATA     S=.data    G=DGROUP   M=CurrEdit ACBP=A9
 0002:00003420 00000004 C=DATA     S=.data    G=DGROUP   M=DBUtils  ACBP=A9
 0002:00003424 00000060 C=DATA     S=.data    G=DGROUP   M=RXDBCtrl ACBP=A9
 0002:00003484 00000020 C=DATA     S=.data    G=DGROUP   M=QRCtrls  ACBP=A9
 0002:000034A4 00000014 C=DATA     S=.data    G=DGROUP   M=QRPrnSu  ACBP=A9
 0002:000034B8 0000002C C=DATA     S=.data    G=DGROUP   M=OleCtrls ACBP=A9
 0002:000034E4 00000328 C=DATA     S=.data    G=DGROUP   M=QRPrntr  ACBP=A9
 0002:0000380C 00000058 C=DATA     S=.data    G=DGROUP   M=QuickRpt ACBP=A9
 0002:00003864 00000908 C=DATA     S=.data    G=DGROUP   M=jpeg     ACBP=A9
 0002:0000416C 00000004 C=DATA     S=.data    G=DGROUP   M=BdeUtils ACBP=A9
 0002:00004170 0000000E C=DATA     S=.data    G=DGROUP   M=JvConsts ACBP=A9
 0002:00004180 0000021C C=DATA     S=.data    G=DGROUP   M=JvTypes  ACBP=A9
 0002:0000439C 00000014 C=DATA     S=.data    G=DGROUP   M=JvJCLUtils ACBP=A9
 0002:000043B0 00000004 C=DATA     S=.data    G=DGROUP   M=JvProgressUtils ACBP=A9
 0002:000043B4 00000008 C=DATA     S=.data    G=DGROUP   M=JvJVCLUtils ACBP=A9
 0002:000043BC 00000004 C=DATA     S=.data    G=DGROUP   M=JvDBUtils ACBP=A9
 0002:000043C0 00000040 C=DATA     S=.data    G=DGROUP   M=mc_fonctions_erreurs ACBP=A9
 0002:00004400 000000E0 C=DATA     S=.data    G=DGROUP   M=ExRxDBGrid ACBP=A9
 0002:000044E0 00000004 C=DATA     S=.data    G=DGROUP   M=RxLookup ACBP=A9
 0002:000044E4 0000000C C=DATA     S=.data    G=DGROUP   M=JvSpeedButton ACBP=A9
 0002:000044F0 00000004 C=DATA     S=.data    G=DGROUP   M=JvButton ACBP=A9
 0002:000044F4 0000006C C=DATA     S=.data    G=DGROUP   M=JvToolEdit ACBP=A9
 0002:00004560 00000004 C=DATA     S=.data    G=DGROUP   M=JvDBLookup ACBP=A9
 0002:00004564 00000010 C=DATA     S=.data    G=DGROUP   M=AdvToolBtn ACBP=A9
 0002:00004574 00000034 C=DATA     S=.data    G=DGROUP   M=DBAdvNavigator ACBP=A9
 0002:000045A8 00000008 C=DATA     S=.data    G=DGROUP   M=ActnMan  ACBP=A9
 0002:000045B0 00000010 C=DATA     S=.data    G=DGROUP   M=PictureContainer ACBP=A9
 0002:000045C0 00000014 C=DATA     S=.data    G=DGROUP   M=AdvListV ACBP=A9
 0002:000045D4 00000028 C=DATA     S=.data    G=DGROUP   M=mc_fonction_variant ACBP=A9
 0002:000045FC 00000028 C=DATA     S=.data    G=DGROUP   M=mc_fonctions_proprietes ACBP=A9
 0002:00004624 00000028 C=DATA     S=.data    G=DGROUP   M=mc_fonctions_db ACBP=A9
 0002:0000464C 00000008 C=DATA     S=.data    G=DGROUP   M=JvCaret  ACBP=A9
 0002:00004654 00000005 C=DATA     S=.data    G=DGROUP   M=JvFixedEditPopUp ACBP=A9
 0002:0000465C 00000014 C=DATA     S=.data    G=DGROUP   M=JvEdit   ACBP=A9
 0002:00004670 00000028 C=DATA     S=.data    G=DGROUP   M=mc_fonctions_numedit ACBP=A9
 0002:00004698 00000068 C=DATA     S=.data    G=DGROUP   M=U_MCNumEdits ACBP=A9
 0002:00004700 000001A0 C=DATA     S=.data    G=DGROUP   M=U_MCColorComboBox ACBP=A9
 0002:000048A0 00000002 C=DATA     S=.data    G=DGROUP   M=JvXPBar  ACBP=A9
 0002:000048A4 00000004 C=DATA     S=.data    G=DGROUP   M=TB97Vers ACBP=A9
 0002:000048A8 00000008 C=DATA     S=.data    G=DGROUP   M=TB97Cmn  ACBP=A9
 0002:000048B0 000000B4 C=DATA     S=.data    G=DGROUP   M=TB97     ACBP=A9
 0002:00004964 00000020 C=DATA     S=.data    G=DGROUP   M=TB97Tlbr ACBP=A9
 0002:00004984 00000028 C=DATA     S=.data    G=DGROUP   M=mc_fonctions_aide ACBP=A9
 0002:000049AC 00000060 C=DATA     S=.data    G=DGROUP   M=U_MCAdvGroupView ACBP=A9
 0002:00004A0C 0000006C C=DATA     S=.data    G=DGROUP   M=U_McFormDico ACBP=A9
 0002:00004A78 00000048 C=DATA     S=.data    G=DGROUP   M=U_McFormMainIni ACBP=A9
 0002:00004AC0 00000010 C=DATA     S=.data    G=DGROUP   M=RbDrawCore ACBP=A9
 0002:00004AD0 00000048 C=DATA     S=.data    G=DGROUP   M=MCPageControl ACBP=A9
 0002:00004B18 00000028 C=DATA     S=.data    G=DGROUP   M=SvgFormInfoIni ACBP=A9
 0002:00004B40 00000028 C=DATA     S=.data    G=DGROUP   M=StoHtmlHelp ACBP=A9
 0002:00004B68 00000154 C=DATA     S=.data    G=DGROUP   M=JvWinDialogs ACBP=A9
 0002:00004CBC 00000010 C=DATA     S=.data    G=DGROUP   M=JvDialogs ACBP=A9
 0002:00004CCC 00000028 C=DATA     S=.data    G=DGROUP   M=mc_fonctions_images ACBP=A9
 0002:00004CF4 00000028 C=DATA     S=.data    G=DGROUP   M=U_MotPasse ACBP=A9
 0002:00004D1C 00000028 C=DATA     S=.data    G=DGROUP   M=U_Administration ACBP=A9
 0002:00004D44 00000028 C=DATA     S=.data    G=DGROUP   M=U_MCScrollBox ACBP=A9
 0002:00004D6C 0000002C C=DATA     S=.data    G=DGROUP   M=U_Splash ACBP=A9
 0002:00004D98 00000028 C=DATA     S=.data    G=DGROUP   M=mc_fonctions_Objets_Dynamiques ACBP=A9
 0002:00004DC0 00000028 C=DATA     S=.data    G=DGROUP   M=U_Acces  ACBP=A9
 0002:00004DE8 00000039 C=DATA     S=.data    G=DGROUP   M=U_FenetrePrincipale ACBP=A9
 0002:00004E24 000000B4 C=DATA     S=.data    G=DGROUP   M=UltimDBSort ACBP=A9
 0002:00004ED8 000000B4 C=DATA     S=.data    G=DGROUP   M=UltimDBFilter ACBP=A9
 0002:00004F8C 000000B4 C=DATA     S=.data    G=DGROUP   M=UltimDBConfig ACBP=A9
 0002:00005040 000000B4 C=DATA     S=.data    G=DGROUP   M=UltimDBExport ACBP=A9
 0002:000050F4 000000B4 C=DATA     S=.data    G=DGROUP   M=UltimDBGrid ACBP=A9
 0002:000051A8 00000006 C=DATA     S=.data    G=DGROUP   M=VirtualDBTreeEx ACBP=A9
 0002:000051B0 00000006 C=DATA     S=.data    G=DGROUP   M=CRDynamic ACBP=A9
 0002:000051B8 00000178 C=DATA     S=.data    G=DGROUP   M=UCrpeUtl ACBP=A9
 0002:00005330 00000854 C=DATA     S=.data    G=DGROUP   M=UCrpe32  ACBP=A9
 0002:00005B84 00000544 C=DATA     S=.data    G=DGROUP   M=IdWinSock2 ACBP=A9
 0002:000060C8 00000008 C=DATA     S=.data    G=DGROUP   M=IdStack  ACBP=A9
 0002:000060D0 00000001 C=DATA     S=.data    G=DGROUP   M=IdStackWindows ACBP=A9
 0002:000060D4 0000009C C=DATA     S=.data    G=DGROUP   M=IdGlobal ACBP=A9
 0002:00006170 00000040 C=DATA     S=.data    G=DGROUP   M=U_MCDBLookupComboBoxEdit ACBP=A9
 0002:000061B0 00000078 C=DATA     S=.data    G=DGROUP   M=Word2000 ACBP=A9
 0002:00006228 00000001 C=DATA     S=.data    G=DGROUP   M=U_Client ACBP=A9
 0002:0000622C 00000001 C=DATA     S=.data    G=DGROUP   M=U_SeleArticle ACBP=A9
 0002:00006230 00000020 C=DATA     S=.data    G=DGROUP   M=RxRichEd ACBP=A9
 0002:00008000 00000664 C=BSS      S=.bss     G=DGROUP   M=System   ACBP=A9
 0002:00008664 00000010 C=BSS      S=.bss     G=DGROUP   M=SysInit  ACBP=A9
 0002:00008674 00000004 C=BSS      S=.bss     G=DGROUP   M=Types    ACBP=A9
 0002:00008678 00000004 C=BSS      S=.bss     G=DGROUP   M=Windows  ACBP=A9
 0002:0000867C 00000004 C=BSS      S=.bss     G=DGROUP   M=Messages ACBP=A9
 0002:00008680 00000004 C=BSS      S=.bss     G=DGROUP   M=SysConst ACBP=A9
 0002:00008684 00000120 C=BSS      S=.bss     G=DGROUP   M=SysUtils ACBP=A9
 0002:000087A4 0000005C C=BSS      S=.bss     G=DGROUP   M=VarUtils ACBP=A9
 0002:00008800 00000040 C=BSS      S=.bss     G=DGROUP   M=Variants ACBP=A9
 0002:00008840 00000004 C=BSS      S=.bss     G=DGROUP   M=RTLConsts ACBP=A9
 0002:00008844 00000004 C=BSS      S=.bss     G=DGROUP   M=TypInfo  ACBP=A9
 0002:00008848 00000004 C=BSS      S=.bss     G=DGROUP   M=ActiveX  ACBP=A9
 0002:0000884C 00000044 C=BSS      S=.bss     G=DGROUP   M=Classes  ACBP=A9
 0002:00008890 00000004 C=BSS      S=.bss     G=DGROUP   M=Consts   ACBP=A9
 0002:00008894 00000060 C=BSS      S=.bss     G=DGROUP   M=Graphics ACBP=A9
 0002:000088F4 00000004 C=BSS      S=.bss     G=DGROUP   M=Math     ACBP=A9
 0002:000088F8 00000004 C=BSS      S=.bss     G=DGROUP   M=Contnrs  ACBP=A9
 0002:000088FC 0000000C C=BSS      S=.bss     G=DGROUP   M=CommCtrl ACBP=A9
 0002:00008908 00000031 C=BSS      S=.bss     G=DGROUP   M=MultiMon ACBP=A9
 0002:0000893C 00000004 C=BSS      S=.bss     G=DGROUP   M=Imm      ACBP=A9
 0002:00008940 00000008 C=BSS      S=.bss     G=DGROUP   M=HelpIntfs ACBP=A9
 0002:00008948 00000004 C=BSS      S=.bss     G=DGROUP   M=WinSpool ACBP=A9
 0002:0000894C 00000004 C=BSS      S=.bss     G=DGROUP   M=Printers ACBP=A9
 0002:00008950 00000034 C=BSS      S=.bss     G=DGROUP   M=FlatSB   ACBP=A9
 0002:00008984 00000004 C=BSS      S=.bss     G=DGROUP   M=SyncObjs ACBP=A9
 0002:00008988 000000CC C=BSS      S=.bss     G=DGROUP   M=UxTheme  ACBP=A9
 0002:00008A54 00000004 C=BSS      S=.bss     G=DGROUP   M=RichEdit ACBP=A9
 0002:00008A58 00000004 C=BSS      S=.bss     G=DGROUP   M=ToolWin  ACBP=A9
 0002:00008A5C 00000004 C=BSS      S=.bss     G=DGROUP   M=ShellAPI ACBP=A9
 0002:00008A60 00000004 C=BSS      S=.bss     G=DGROUP   M=RegStr   ACBP=A9
 0002:00008A64 00000004 C=BSS      S=.bss     G=DGROUP   M=WinInet  ACBP=A9
 0002:00008A68 00000004 C=BSS      S=.bss     G=DGROUP   M=UrlMon   ACBP=A9
 0002:00008A6C 00000004 C=BSS      S=.bss     G=DGROUP   M=ShlObj   ACBP=A9
 0002:00008A70 00000004 C=BSS      S=.bss     G=DGROUP   M=CommDlg  ACBP=A9
 0002:00008A74 00000004 C=BSS      S=.bss     G=DGROUP   M=Dlgs     ACBP=A9
 0002:00008A78 0000003C C=BSS      S=.bss     G=DGROUP   M=Dialogs  ACBP=A9
 0002:00008AB4 00000004 C=BSS      S=.bss     G=DGROUP   M=ExtCtrls ACBP=A9
 0002:00008AB8 00000004 C=BSS      S=.bss     G=DGROUP   M=ComStrs  ACBP=A9
 0002:00008ABC 0000000C C=BSS      S=.bss     G=DGROUP   M=Clipbrd  ACBP=A9
 0002:00008AC8 00000004 C=BSS      S=.bss     G=DGROUP   M=StrUtils ACBP=A9
 0002:00008ACC 00000030 C=BSS      S=.bss     G=DGROUP   M=Buttons  ACBP=A9
 0002:00008AFC 00000004 C=BSS      S=.bss     G=DGROUP   M=ExtDlgs  ACBP=A9
 0002:00008B00 00000004 C=BSS      S=.bss     G=DGROUP   M=IniFiles ACBP=A9
 0002:00008B04 00000004 C=BSS      S=.bss     G=DGROUP   M=Registry ACBP=A9
 0002:00008B08 00000004 C=BSS      S=.bss     G=DGROUP   M=Mapi     ACBP=A9
 0002:00008B0C 00000009 C=BSS      S=.bss     G=DGROUP   M=ExtActns ACBP=A9
 0002:00008B18 00000004 C=BSS      S=.bss     G=DGROUP   M=ListActns ACBP=A9
 0002:00008B1C 00000039 C=BSS      S=.bss     G=DGROUP   M=ComCtrls ACBP=A9
 0002:00008B58 00000008 C=BSS      S=.bss     G=DGROUP   M=Themes   ACBP=A9
 0002:00008B60 00000004 C=BSS      S=.bss     G=DGROUP   M=StdCtrls ACBP=A9
 0002:00008B64 00000004 C=BSS      S=.bss     G=DGROUP   M=StdActns ACBP=A9
 0002:00008B68 00000014 C=BSS      S=.bss     G=DGROUP   M=WinHelpViewer ACBP=A9
 0002:00008B7C 00000080 C=BSS      S=.bss     G=DGROUP   M=Controls ACBP=A9
 0002:00008BFC 00000004 C=BSS      S=.bss     G=DGROUP   M=ActnList ACBP=A9
 0002:00008C00 0000000C C=BSS      S=.bss     G=DGROUP   M=ImgList  ACBP=A9
 0002:00008C0C 00000010 C=BSS      S=.bss     G=DGROUP   M=Menus    ACBP=A9
 0002:00008C1C 00000020 C=BSS      S=.bss     G=DGROUP   M=Forms    ACBP=A9
 0002:00008C3C 00000004 C=BSS      S=.bss     G=DGROUP   M=MaskUtils ACBP=A9
 0002:00008C40 00000004 C=BSS      S=.bss     G=DGROUP   M=DateUtils ACBP=A9
 0002:00008C44 00000004 C=BSS      S=.bss     G=DGROUP   M=DBConsts ACBP=A9
 0002:00008C48 00000004 C=BSS      S=.bss     G=DGROUP   M=SqlTimSt ACBP=A9
 0002:00008C4C 00000004 C=BSS      S=.bss     G=DGROUP   M=FMTBcd   ACBP=A9
 0002:00008C50 00000004 C=BSS      S=.bss     G=DGROUP   M=ComConst ACBP=A9
 0002:00008C54 00000011 C=BSS      S=.bss     G=DGROUP   M=ComObj   ACBP=A9
 0002:00008C68 00000020 C=BSS      S=.bss     G=DGROUP   M=DB       ACBP=A9
 0002:00008C88 00000004 C=BSS      S=.bss     G=DGROUP   M=OleDB    ACBP=A9
 0002:00008C8C 00000004 C=BSS      S=.bss     G=DGROUP   M=ADOInt   ACBP=A9
 0002:00008C90 00000004 C=BSS      S=.bss     G=DGROUP   M=DBCommon ACBP=A9
 0002:00008C94 00000004 C=BSS      S=.bss     G=DGROUP   M=Mtx      ACBP=A9
 0002:00008C98 00000004 C=BSS      S=.bss     G=DGROUP   M=ADOConst ACBP=A9
 0002:00008C9C 00000008 C=BSS      S=.bss     G=DGROUP   M=ADODB    ACBP=A9
 0002:00008CA4 00000004 C=BSS      S=.bss     G=DGROUP   M=AdoConEd ACBP=A9
 0002:00008CA8 00000004 C=BSS      S=.bss     G=DGROUP   M=MaxMin   ACBP=A9
 0002:00008CAC 00000004 C=BSS      S=.bss     G=DGROUP   M=RXConst  ACBP=A9
 0002:00008CB0 00000004 C=BSS      S=.bss     G=DGROUP   M=RXCConst ACBP=A9
 0002:00008CB4 00000004 C=BSS      S=.bss     G=DGROUP   M=VCLUtils ACBP=A9
 0002:00008CB8 00000004 C=BSS      S=.bss     G=DGROUP   M=RxTimer  ACBP=A9
 0002:00008CBC 00000008 C=BSS      S=.bss     G=DGROUP   M=RxHook   ACBP=A9
 0002:00008CC4 00000004 C=BSS      S=.bss     G=DGROUP   M=Mask     ACBP=A9
 0002:00008CC8 00000004 C=BSS      S=.bss     G=DGROUP   M=Grids    ACBP=A9
 0002:00008CCC 00000004 C=BSS      S=.bss     G=DGROUP   M=rxStrUtils ACBP=A9
 0002:00008CD0 00000008 C=BSS      S=.bss     G=DGROUP   M=DateUtil ACBP=A9
 0002:00008CD8 00000004 C=BSS      S=.bss     G=DGROUP   M=FileCtrl ACBP=A9
 0002:00008CDC 00000004 C=BSS      S=.bss     G=DGROUP   M=Gauges   ACBP=A9
 0002:00008CE0 00000004 C=BSS      S=.bss     G=DGROUP   M=RxPrgrss ACBP=A9
 0002:00008CE4 00000004 C=BSS      S=.bss     G=DGROUP   M=FileUtil ACBP=A9
 0002:00008CE8 00000004 C=BSS      S=.bss     G=DGROUP   M=AppUtils ACBP=A9
 0002:00008CEC 00000004 C=BSS      S=.bss     G=DGROUP   M=RXProps  ACBP=A9
 0002:00008CF0 00000004 C=BSS      S=.bss     G=DGROUP   M=Placemnt ACBP=A9
 0002:00008CF4 00000004 C=BSS      S=.bss     G=DGROUP   M=RXCtrls  ACBP=A9
 0002:00008CF8 00000404 C=BSS      S=.bss     G=DGROUP   M=RxGraph  ACBP=A9
 0002:000090FC 00000004 C=BSS      S=.bss     G=DGROUP   M=IcoList  ACBP=A9
 0002:00009100 00000008 C=BSS      S=.bss     G=DGROUP   M=ClipIcon ACBP=A9
 0002:00009108 00000004 C=BSS      S=.bss     G=DGROUP   M=AniFile  ACBP=A9
 0002:0000910C 00000004 C=BSS      S=.bss     G=DGROUP   M=RxGConst ACBP=A9
 0002:00009110 00000008 C=BSS      S=.bss     G=DGROUP   M=RxGIF    ACBP=A9
 0002:00009118 00000004 C=BSS      S=.bss     G=DGROUP   M=Animate  ACBP=A9
 0002:0000911C 00000004 C=BSS      S=.bss     G=DGROUP   M=GIFCtrl  ACBP=A9
 0002:00009120 00000004 C=BSS      S=.bss     G=DGROUP   M=dxCoreUtils ACBP=A9
 0002:00009124 00000004 C=BSS      S=.bss     G=DGROUP   M=dxCore2  ACBP=A9
 0002:00009128 00000004 C=BSS      S=.bss     G=DGROUP   M=dxButtons ACBP=A9
 0002:0000912C 00000004 C=BSS      S=.bss     G=DGROUP   M=StdVCL   ACBP=A9
 0002:00009130 0000001C C=BSS      S=.bss     G=DGROUP   M=AxCtrls  ACBP=A9
 0002:0000914C 00000004 C=BSS      S=.bss     G=DGROUP   M=MMSystem ACBP=A9
 0002:00009150 0000004C C=BSS      S=.bss     G=DGROUP   M=VirtualTrees ACBP=A9
 0002:0000919C 00000008 C=BSS      S=.bss     G=DGROUP   M=U_About  ACBP=A9
 0002:000091A4 00000008 C=BSS      S=.bss     G=DGROUP   M=mc_fonctions_version ACBP=A9
 0002:000091AC 00000004 C=BSS      S=.bss     G=DGROUP   M=JclResources ACBP=A9
 0002:000091B0 00000004 C=BSS      S=.bss     G=DGROUP   M=JclBase  ACBP=A9
 0002:000091B4 00000004 C=BSS      S=.bss     G=DGROUP   M=JclWideStrings ACBP=A9
 0002:000091B8 00000004 C=BSS      S=.bss     G=DGROUP   M=AccCtrl  ACBP=A9
 0002:000091BC 00000004 C=BSS      S=.bss     G=DGROUP   M=JclWin32 ACBP=A9
 0002:000091C0 00000004 C=BSS      S=.bss     G=DGROUP   M=WinSock  ACBP=A9
 0002:000091C4 00000004 C=BSS      S=.bss     G=DGROUP   M=Snmp     ACBP=A9
 0002:000091C8 00000004 C=BSS      S=.bss     G=DGROUP   M=JclRegistry ACBP=A9
 0002:000091CC 00000004 C=BSS      S=.bss     G=DGROUP   M=TlHelp32 ACBP=A9
 0002:000091D0 00000004 C=BSS      S=.bss     G=DGROUP   M=PsAPI    ACBP=A9
 0002:000091D4 00000004 C=BSS      S=.bss     G=DGROUP   M=Jcl8087  ACBP=A9
 0002:000091D8 00000004 C=BSS      S=.bss     G=DGROUP   M=JclIniFiles ACBP=A9
 0002:000091DC 00000010 C=BSS      S=.bss     G=DGROUP   M=JclSysInfo ACBP=A9
 0002:000091EC 00000004 C=BSS      S=.bss     G=DGROUP   M=JclShell ACBP=A9
 0002:000091F0 00000004 C=BSS      S=.bss     G=DGROUP   M=JclDateTime ACBP=A9
 0002:000091F4 00000004 C=BSS      S=.bss     G=DGROUP   M=JclSecurity ACBP=A9
 0002:000091F8 00000004 C=BSS      S=.bss     G=DGROUP   M=JclFileUtils ACBP=A9
 0002:000091FC 00000004 C=BSS      S=.bss     G=DGROUP   M=JclConsole ACBP=A9
 0002:00009200 00000004 C=BSS      S=.bss     G=DGROUP   M=JclMath  ACBP=A9
 0002:00009204 00000004 C=BSS      S=.bss     G=DGROUP   M=JclSysUtils ACBP=A9
 0002:00009208 00000004 C=BSS      S=.bss     G=DGROUP   M=JclLogic ACBP=A9
 0002:0000920C 00000504 C=BSS      S=.bss     G=DGROUP   M=JclStrings ACBP=A9
 0002:00009710 00000004 C=BSS      S=.bss     G=DGROUP   M=mc_fonction_string ACBP=A9
 0002:00009714 00000004 C=BSS      S=.bss     G=DGROUP   M=VDBConsts ACBP=A9
 0002:00009718 00000004 C=BSS      S=.bss     G=DGROUP   M=DBLogDlg ACBP=A9
 0002:0000971C 00000004 C=BSS      S=.bss     G=DGROUP   M=DBPWDlg  ACBP=A9
 0002:00009720 00000004 C=BSS      S=.bss     G=DGROUP   M=DBCtrls  ACBP=A9
 0002:00009724 0000000C C=BSS      S=.bss     G=DGROUP   M=DBGrids  ACBP=A9
 0002:00009730 00000004 C=BSS      S=.bss     G=DGROUP   M=mc_constantes_messages ACBP=A9
 0002:00009734 00000004 C=BSS      S=.bss     G=DGROUP   M=mc_fonctions_init ACBP=A9
 0002:00009738 0000001C C=BSS      S=.bss     G=DGROUP   M=BDE      ACBP=A9
 0002:00009754 00000004 C=BSS      S=.bss     G=DGROUP   M=SMINTF   ACBP=A9
 0002:00009758 00000004 C=BSS      S=.bss     G=DGROUP   M=bdeconst ACBP=A9
 0002:0000975C 00000061 C=BSS      S=.bss     G=DGROUP   M=DBTables ACBP=A9
 0002:000097C0 00000004 C=BSS      S=.bss     G=DGROUP   M=PickDate ACBP=A9
 0002:000097C4 00000004 C=BSS      S=.bss     G=DGROUP   M=ToolEdit ACBP=A9
 0002:000097C8 00000004 C=BSS      S=.bss     G=DGROUP   M=RxCalc   ACBP=A9
 0002:000097CC 00000004 C=BSS      S=.bss     G=DGROUP   M=CurrEdit ACBP=A9
 0002:000097D0 00000004 C=BSS      S=.bss     G=DGROUP   M=RXDConst ACBP=A9
 0002:000097D4 00000004 C=BSS      S=.bss     G=DGROUP   M=DBUtils  ACBP=A9
 0002:000097D8 00000004 C=BSS      S=.bss     G=DGROUP   M=RXDBCtrl ACBP=A9
 0002:000097DC 00000004 C=BSS      S=.bss     G=DGROUP   M=QR3Const ACBP=A9
 0002:000097E0 00000004 C=BSS      S=.bss     G=DGROUP   M=QRPrgres ACBP=A9
 0002:000097E4 00000011 C=BSS      S=.bss     G=DGROUP   M=QRExpr   ACBP=A9
 0002:000097F8 00000004 C=BSS      S=.bss     G=DGROUP   M=QRLablEd ACBP=A9
 0002:000097FC 00000004 C=BSS      S=.bss     G=DGROUP   M=QRExprEd ACBP=A9
 0002:00009800 00000004 C=BSS      S=.bss     G=DGROUP   M=QRCtrls  ACBP=A9
 0002:00009804 0000000D C=BSS      S=.bss     G=DGROUP   M=QRPrnSu  ACBP=A9
 0002:00009814 00000004 C=BSS      S=.bss     G=DGROUP   M=OleConst ACBP=A9
 0002:00009818 00000014 C=BSS      S=.bss     G=DGROUP   M=OleCtrls ACBP=A9
 0002:0000982C 00000004 C=BSS      S=.bss     G=DGROUP   M=QRAbout  ACBP=A9
 0002:00009830 00000004 C=BSS      S=.bss     G=DGROUP   M=QRCompEd ACBP=A9
 0002:00009834 00000004 C=BSS      S=.bss     G=DGROUP   M=QRExtra  ACBP=A9
 0002:00009838 00000004 C=BSS      S=.bss     G=DGROUP   M=QREnvEd  ACBP=A9
 0002:0000983C 00000004 C=BSS      S=.bss     G=DGROUP   M=QRExpBld ACBP=A9
 0002:00009840 00000004 C=BSS      S=.bss     G=DGROUP   M=QRPrev   ACBP=A9
 0002:00009844 00000010 C=BSS      S=.bss     G=DGROUP   M=QRPrntr  ACBP=A9
 0002:00009854 00000049 C=BSS      S=.bss     G=DGROUP   M=QuickRpt ACBP=A9
 0002:000098A0 00000004 C=BSS      S=.bss     G=DGROUP   M=UnitReport ACBP=A9
 0002:000098A4 00000004 C=BSS      S=.bss     G=DGROUP   M=JConsts  ACBP=A9
 0002:000098A8 00000004 C=BSS      S=.bss     G=DGROUP   M=jpeg     ACBP=A9
 0002:000098AC 00000004 C=BSS      S=.bss     G=DGROUP   M=ExDateTimePicker ACBP=A9
 0002:000098B0 0000000D C=BSS      S=.bss     G=DGROUP   M=ExDBQbf  ACBP=A9
 0002:000098C0 00000004 C=BSS      S=.bss     G=DGROUP   M=BdeUtils ACBP=A9
 0002:000098C4 00000004 C=BSS      S=.bss     G=DGROUP   M=RxQuery  ACBP=A9
 0002:000098C8 00000004 C=BSS      S=.bss     G=DGROUP   M=RxMemDS  ACBP=A9
 0002:000098CC 00000004 C=BSS      S=.bss     G=DGROUP   M=JvConsts ACBP=A9
 0002:000098D0 00000004 C=BSS      S=.bss     G=DGROUP   M=JVCLVer  ACBP=A9
 0002:000098D4 00000004 C=BSS      S=.bss     G=DGROUP   M=JvResources ACBP=A9
 0002:000098D8 00000004 C=BSS      S=.bss     G=DGROUP   M=JvTypes  ACBP=A9
 0002:000098DC 00000008 C=BSS      S=.bss     G=DGROUP   M=JvThemes ACBP=A9
 0002:000098E4 00000004 C=BSS      S=.bss     G=DGROUP   M=JvExControls ACBP=A9
 0002:000098E8 00000004 C=BSS      S=.bss     G=DGROUP   M=JvExExtCtrls ACBP=A9
 0002:000098EC 00000004 C=BSS      S=.bss     G=DGROUP   M=JvExForms ACBP=A9
 0002:000098F0 00000004 C=BSS      S=.bss     G=DGROUP   M=JvExStdCtrls ACBP=A9
 0002:000098F4 00000004 C=BSS      S=.bss     G=DGROUP   M=JvExComCtrls ACBP=A9
 0002:000098F8 00000004 C=BSS      S=.bss     G=DGROUP   M=JvComponent ACBP=A9
 0002:000098FC 00000008 C=BSS      S=.bss     G=DGROUP   M=JclRTTI  ACBP=A9
 0002:00009904 00000004 C=BSS      S=.bss     G=DGROUP   M=JclMime  ACBP=A9
 0002:00009908 00000004 C=BSS      S=.bss     G=DGROUP   M=JvPropertyStore ACBP=A9
 0002:0000990C 00000008 C=BSS      S=.bss     G=DGROUP   M=JvAppStorage ACBP=A9
 0002:00009914 00000004 C=BSS      S=.bss     G=DGROUP   M=JvJCLUtils ACBP=A9
 0002:00009918 00000004 C=BSS      S=.bss     G=DGROUP   M=JvProgressUtils ACBP=A9
 0002:0000991C 00000004 C=BSS      S=.bss     G=DGROUP   M=JvJVCLUtils ACBP=A9
 0002:00009920 00000004 C=BSS      S=.bss     G=DGROUP   M=JvDBUtils ACBP=A9
 0002:00009924 00000004 C=BSS      S=.bss     G=DGROUP   M=JvMemoryDataset ACBP=A9
 0002:00009928 00000004 C=BSS      S=.bss     G=DGROUP   M=AdvStatusBar ACBP=A9
 0002:0000992C 00000008 C=BSS      S=.bss     G=DGROUP   M=ExDBGridCtls ACBP=A9
 0002:00009934 0000000C C=BSS      S=.bss     G=DGROUP   M=CheckLst ACBP=A9
 0002:00009940 00000014 C=BSS      S=.bss     G=DGROUP   M=ExRxColSelect ACBP=A9
 0002:00009954 00000004 C=BSS      S=.bss     G=DGROUP   M=ExRxDBGridToWord ACBP=A9
 0002:00009958 00000004 C=BSS      S=.bss     G=DGROUP   M=ExRxUltimDBFooter ACBP=A9
 0002:0000995C 00000004 C=BSS      S=.bss     G=DGROUP   M=mc_fonctions_erreurs ACBP=A9
 0002:00009960 0000002D C=BSS      S=.bss     G=DGROUP   M=ExRxDBGrid ACBP=A9
 0002:00009990 00000004 C=BSS      S=.bss     G=DGROUP   M=RxLookup ACBP=A9
 0002:00009994 0000000C C=BSS      S=.bss     G=DGROUP   M=JvSpeedButton ACBP=A9
 0002:000099A0 00000004 C=BSS      S=.bss     G=DGROUP   M=JvExMask ACBP=A9
 0002:000099A4 00000004 C=BSS      S=.bss     G=DGROUP   M=JvButton ACBP=A9
 0002:000099A8 00000004 C=BSS      S=.bss     G=DGROUP   M=JvBaseDlg ACBP=A9
 0002:000099AC 00000004 C=BSS      S=.bss     G=DGROUP   M=JvBrowseFolder ACBP=A9
 0002:000099B0 00000004 C=BSS      S=.bss     G=DGROUP   M=JvExGrids ACBP=A9
 0002:000099B4 00000004 C=BSS      S=.bss     G=DGROUP   M=JvPickDate ACBP=A9
 0002:000099B8 00000004 C=BSS      S=.bss     G=DGROUP   M=JvToolEdit ACBP=A9
 0002:000099BC 00000004 C=BSS      S=.bss     G=DGROUP   M=JvDBLookup ACBP=A9
 0002:000099C0 00000004 C=BSS      S=.bss     G=DGROUP   M=AdvToolBtn ACBP=A9
 0002:000099C4 00000004 C=BSS      S=.bss     G=DGROUP   M=DBAdvNavigator ACBP=A9
 0002:000099C8 00000004 C=BSS      S=.bss     G=DGROUP   M=GraphUtil ACBP=A9
 0002:000099CC 00000004 C=BSS      S=.bss     G=DGROUP   M=ShadowWnd ACBP=A9
 0002:000099D0 00000004 C=BSS      S=.bss     G=DGROUP   M=ActnColorMaps ACBP=A9
 0002:000099D4 00000004 C=BSS      S=.bss     G=DGROUP   M=ActnCtrls ACBP=A9
 0002:000099D8 00000010 C=BSS      S=.bss     G=DGROUP   M=ActnMenus ACBP=A9
 0002:000099E8 0000000C C=BSS      S=.bss     G=DGROUP   M=ActnMan  ACBP=A9
 0002:000099F4 00000004 C=BSS      S=.bss     G=DGROUP   M=PictureContainer ACBP=A9
 0002:000099F8 00000004 C=BSS      S=.bss     G=DGROUP   M=AlvUtil  ACBP=A9
 0002:000099FC 00000020 C=BSS      S=.bss     G=DGROUP   M=AdvListV ACBP=A9
 0002:00009A1C 00000004 C=BSS      S=.bss     G=DGROUP   M=mc_fonction_variant ACBP=A9
 0002:00009A20 00000004 C=BSS      S=.bss     G=DGROUP   M=dbcgrids ACBP=A9
 0002:00009A24 00000004 C=BSS      S=.bss     G=DGROUP   M=JvPageList ACBP=A9
 0002:00009A28 00000004 C=BSS      S=.bss     G=DGROUP   M=JvDateTimePicker ACBP=A9
 0002:00009A2C 00000004 C=BSS      S=.bss     G=DGROUP   M=mc_fonctions_proprietes ACBP=A9
 0002:00009A30 0000000C C=BSS      S=.bss     G=DGROUP   M=mc_fonctions_db ACBP=A9
 0002:00009A3C 00000004 C=BSS      S=.bss     G=DGROUP   M=JvDBDateTimePicker ACBP=A9
 0002:00009A40 00000004 C=BSS      S=.bss     G=DGROUP   M=JvCaret  ACBP=A9
 0002:00009A44 00000004 C=BSS      S=.bss     G=DGROUP   M=JvMaxPixel ACBP=A9
 0002:00009A48 00000004 C=BSS      S=.bss     G=DGROUP   M=JvFixedEditPopUp ACBP=A9
 0002:00009A4C 00000004 C=BSS      S=.bss     G=DGROUP   M=JvEdit   ACBP=A9
 0002:00009A50 00000004 C=BSS      S=.bss     G=DGROUP   M=JvMaskEdit ACBP=A9
 0002:00009A54 00000004 C=BSS      S=.bss     G=DGROUP   M=JvSpin   ACBP=A9
 0002:00009A58 00000004 C=BSS      S=.bss     G=DGROUP   M=JvDBSpinEdit ACBP=A9
 0002:00009A5C 00000004 C=BSS      S=.bss     G=DGROUP   M=mc_fonctions_numedit ACBP=A9
 0002:00009A60 00000004 C=BSS      S=.bss     G=DGROUP   M=U_MCNumEdits ACBP=A9
 0002:00009A64 00000004 C=BSS      S=.bss     G=DGROUP   M=U_MCColorComboBox ACBP=A9
 0002:00009A68 00000004 C=BSS      S=.bss     G=DGROUP   M=JvXPCoreUtils ACBP=A9
 0002:00009A6C 00000004 C=BSS      S=.bss     G=DGROUP   M=JvXPCore ACBP=A9
 0002:00009A70 00000004 C=BSS      S=.bss     G=DGROUP   M=JvXPBar  ACBP=A9
 0002:00009A74 00000004 C=BSS      S=.bss     G=DGROUP   M=TB97Vers ACBP=A9
 0002:00009A78 0000001C C=BSS      S=.bss     G=DGROUP   M=TB97Cmn  ACBP=A9
 0002:00009A94 00000004 C=BSS      S=.bss     G=DGROUP   M=TB97Cnst ACBP=A9
 0002:00009A98 00000004 C=BSS      S=.bss     G=DGROUP   M=TB97     ACBP=A9
 0002:00009A9C 00000004 C=BSS      S=.bss     G=DGROUP   M=TB97Tlbr ACBP=A9
 0002:00009AA0 00000004 C=BSS      S=.bss     G=DGROUP   M=mc_fonctions_aide ACBP=A9
 0002:00009AA4 00000004 C=BSS      S=.bss     G=DGROUP   M=U_MCAdvGroupView ACBP=A9
 0002:00009AA8 00000004 C=BSS      S=.bss     G=DGROUP   M=U_McFormDico ACBP=A9
 0002:00009AAC 0000000C C=BSS      S=.bss     G=DGROUP   M=U_McFormMainIni ACBP=A9
 0002:00009AB8 00000004 C=BSS      S=.bss     G=DGROUP   M=Spin     ACBP=A9
 0002:00009ABC 00000004 C=BSS      S=.bss     G=DGROUP   M=RbPanel  ACBP=A9
 0002:00009AC0 00000004 C=BSS      S=.bss     G=DGROUP   M=RbProgressBar ACBP=A9
 0002:00009AC4 00000004 C=BSS      S=.bss     G=DGROUP   M=RbButton ACBP=A9
 0002:00009AC8 00000004 C=BSS      S=.bss     G=DGROUP   M=RbCheckBox ACBP=A9
 0002:00009ACC 00000004 C=BSS      S=.bss     G=DGROUP   M=RbRadioButton ACBP=A9
 0002:00009AD0 00000004 C=BSS      S=.bss     G=DGROUP   M=RbDrawCore ACBP=A9
 0002:00009AD4 00000004 C=BSS      S=.bss     G=DGROUP   M=RbSplitter ACBP=A9
 0002:00009AD8 00000004 C=BSS      S=.bss     G=DGROUP   M=RXSplit  ACBP=A9
 0002:00009ADC 00000004 C=BSS      S=.bss     G=DGROUP   M=RXSwitch ACBP=A9
 0002:00009AE0 00000004 C=BSS      S=.bss     G=DGROUP   M=MCPageControl ACBP=A9
 0002:00009AE4 00000004 C=BSS      S=.bss     G=DGROUP   M=SvgFormInfoIni ACBP=A9
 0002:00009AE8 00000004 C=BSS      S=.bss     G=DGROUP   M=dxContainer ACBP=A9
 0002:00009AEC 00000004 C=BSS      S=.bss     G=DGROUP   M=TB97Tlwn ACBP=A9
 0002:00009AF0 00000004 C=BSS      S=.bss     G=DGROUP   M=JvTransLED ACBP=A9
 0002:00009AF4 00000004 C=BSS      S=.bss     G=DGROUP   M=TB97Ctls ACBP=A9
 0002:00009AF8 00000004 C=BSS      S=.bss     G=DGROUP   M=RxLogin  ACBP=A9
 0002:00009AFC 00000008 C=BSS      S=.bss     G=DGROUP   M=StoHtmlHelp ACBP=A9
 0002:00009B04 00000004 C=BSS      S=.bss     G=DGROUP   M=JvWinDialogs ACBP=A9
 0002:00009B08 00000004 C=BSS      S=.bss     G=DGROUP   M=DBAdvLst ACBP=A9
 0002:00009B0C 00000004 C=BSS      S=.bss     G=DGROUP   M=JvDialogs ACBP=A9
 0002:00009B10 00000034 C=BSS      S=.bss     G=DGROUP   M=JclGraphUtils ACBP=A9
 0002:00009B44 00000164 C=BSS      S=.bss     G=DGROUP   M=JclGraphics ACBP=A9
 0002:00009CA8 00000004 C=BSS      S=.bss     G=DGROUP   M=mc_fonctions_images ACBP=A9
 0002:00009CAC 00000008 C=BSS      S=.bss     G=DGROUP   M=U_MotPasse ACBP=A9
 0002:00009CB4 00000008 C=BSS      S=.bss     G=DGROUP   M=U_Administration ACBP=A9
 0002:00009CBC 00000004 C=BSS      S=.bss     G=DGROUP   M=JvScrollBox ACBP=A9
 0002:00009CC0 00000004 C=BSS      S=.bss     G=DGROUP   M=U_MCScrollBox ACBP=A9
 0002:00009CC4 00000004 C=BSS      S=.bss     G=DGROUP   M=MPlayer  ACBP=A9
 0002:00009CC8 00000004 C=BSS      S=.bss     G=DGROUP   M=U_Splash ACBP=A9
 0002:00009CCC 0000004C C=BSS      S=.bss     G=DGROUP   M=mc_fonctions_Objets_Dynamiques ACBP=A9
 0002:00009D18 00000004 C=BSS      S=.bss     G=DGROUP   M=U_ConstMessage ACBP=A9
 0002:00009D1C 00000008 C=BSS      S=.bss     G=DGROUP   M=U_Acces  ACBP=A9
 0002:00009D24 00000008 C=BSS      S=.bss     G=DGROUP   M=U_Donnees ACBP=A9
 0002:00009D2C 00000064 C=BSS      S=.bss     G=DGROUP   M=U_FenetrePrincipale ACBP=A9
 0002:00009D90 00000004 C=BSS      S=.bss     G=DGROUP   M=UltimDBSelect ACBP=A9
 0002:00009D94 00000004 C=BSS      S=.bss     G=DGROUP   M=UltimDBSort ACBP=A9
 0002:00009D98 00000004 C=BSS      S=.bss     G=DGROUP   M=UltimDBFilter ACBP=A9
 0002:00009D9C 00000004 C=BSS      S=.bss     G=DGROUP   M=UltimDBConfig ACBP=A9
 0002:00009DA0 00000004 C=BSS      S=.bss     G=DGROUP   M=UltimDBExport ACBP=A9
 0002:00009DA4 00000004 C=BSS      S=.bss     G=DGROUP   M=UltimDBReport ACBP=A9
 0002:00009DA8 00000004 C=BSS      S=.bss     G=DGROUP   M=UltimDBFooter ACBP=A9
 0002:00009DAC 00000004 C=BSS      S=.bss     G=DGROUP   M=UltimDBGrid ACBP=A9
 0002:00009DB0 00000004 C=BSS      S=.bss     G=DGROUP   M=dxCore   ACBP=A9
 0002:00009DB4 00000004 C=BSS      S=.bss     G=DGROUP   M=JvLinkedControls ACBP=A9
 0002:00009DB8 00000004 C=BSS      S=.bss     G=DGROUP   M=JvRadioButton ACBP=A9
 0002:00009DBC 00000004 C=BSS      S=.bss     G=DGROUP   M=VirtualDBTreeEx ACBP=A9
 0002:00009DC0 00000004 C=BSS      S=.bss     G=DGROUP   M=dxButton ACBP=A9
 0002:00009DC4 00000014 C=BSS      S=.bss     G=DGROUP   M=U_CodePostal ACBP=A9
 0002:00009DD8 00000004 C=BSS      S=.bss     G=DGROUP   M=CRDynamic ACBP=A9
 0002:00009DDC 00000004 C=BSS      S=.bss     G=DGROUP   M=UCrpeUtl ACBP=A9
 0002:00009DE0 00000004 C=BSS      S=.bss     G=DGROUP   M=UCrpeClasses ACBP=A9
 0002:00009DE4 00000004 C=BSS      S=.bss     G=DGROUP   M=UCrpe32  ACBP=A9
 0002:00009DE8 00000004 C=BSS      S=.bss     G=DGROUP   M=IdException ACBP=A9
 0002:00009DEC 00000004 C=BSS      S=.bss     G=DGROUP   M=IdResourceStrings ACBP=A9
 0002:00009DF0 000001C8 C=BSS      S=.bss     G=DGROUP   M=IdWinSock2 ACBP=A9
 0002:00009FB8 00000004 C=BSS      S=.bss     G=DGROUP   M=IdStackConsts ACBP=A9
 0002:00009FBC 00000008 C=BSS      S=.bss     G=DGROUP   M=IdStack  ACBP=A9
 0002:00009FC4 00000004 C=BSS      S=.bss     G=DGROUP   M=IdStackWindows ACBP=A9
 0002:00009FC8 00000004 C=BSS      S=.bss     G=DGROUP   M=IdURI    ACBP=A9
 0002:00009FCC 00000014 C=BSS      S=.bss     G=DGROUP   M=IdGlobal ACBP=A9
 0002:00009FE0 00000004 C=BSS      S=.bss     G=DGROUP   M=dxCheckCtrls ACBP=A9
 0002:00009FE4 00000004 C=BSS      S=.bss     G=DGROUP   M=U_MCDBLookupComboBoxEdit ACBP=A9
 0002:00009FE8 00000004 C=BSS      S=.bss     G=DGROUP   M=OleServer ACBP=A9
 0002:00009FEC 00000004 C=BSS      S=.bss     G=DGROUP   M=OfficeXP ACBP=A9
 0002:00009FF0 00000004 C=BSS      S=.bss     G=DGROUP   M=VBIDEXP  ACBP=A9
 0002:00009FF4 00000004 C=BSS      S=.bss     G=DGROUP   M=WordXP   ACBP=A9
 0002:00009FF8 00000004 C=BSS      S=.bss     G=DGROUP   M=Office2000 ACBP=A9
 0002:00009FFC 00000004 C=BSS      S=.bss     G=DGROUP   M=VBIDE2000 ACBP=A9
 0002:0000A000 00000004 C=BSS      S=.bss     G=DGROUP   M=Word2000 ACBP=A9
 0002:0000A004 00000004 C=BSS      S=.bss     G=DGROUP   M=JvMemo   ACBP=A9
 0002:0000A008 00000008 C=BSS      S=.bss     G=DGROUP   M=U_TypeFinition ACBP=A9
 0002:0000A010 00000008 C=BSS      S=.bss     G=DGROUP   M=U_Comportement ACBP=A9
 0002:0000A018 00000008 C=BSS      S=.bss     G=DGROUP   M=U_Structure ACBP=A9
 0002:0000A020 00000008 C=BSS      S=.bss     G=DGROUP   M=U_DmCompose ACBP=A9
 0002:0000A028 00000008 C=BSS      S=.bss     G=DGROUP   M=U_Composant ACBP=A9
 0002:0000A030 00000004 C=BSS      S=.bss     G=DGROUP   M=JvExCheckLst ACBP=A9
 0002:0000A034 00000004 C=BSS      S=.bss     G=DGROUP   M=JvItemsSearchs ACBP=A9
 0002:0000A038 00000004 C=BSS      S=.bss     G=DGROUP   M=JvCheckListBox ACBP=A9
 0002:0000A03C 00000004 C=BSS      S=.bss     G=DGROUP   M=JvDataProviderIntf ACBP=A9
 0002:0000A040 00000004 C=BSS      S=.bss     G=DGROUP   M=JvDataProvider ACBP=A9
 0002:0000A044 00000004 C=BSS      S=.bss     G=DGROUP   M=JvCombobox ACBP=A9
 0002:0000A048 00000008 C=BSS      S=.bss     G=DGROUP   M=U_Representant ACBP=A9
 0002:0000A050 00000008 C=BSS      S=.bss     G=DGROUP   M=U_RepSecteur ACBP=A9
 0002:0000A058 00000008 C=BSS      S=.bss     G=DGROUP   M=U_Modalite ACBP=A9
 0002:0000A060 0000000C C=BSS      S=.bss     G=DGROUP   M=U_Prodrepr ACBP=A9
 0002:0000A06C 00000008 C=BSS      S=.bss     G=DGROUP   M=U_DmArticle ACBP=A9
 0002:0000A074 00000008 C=BSS      S=.bss     G=DGROUP   M=U_ComposeArticle ACBP=A9
 0002:0000A07C 00000008 C=BSS      S=.bss     G=DGROUP   M=U_Interloc ACBP=A9
 0002:0000A084 00000008 C=BSS      S=.bss     G=DGROUP   M=U_Affectation ACBP=A9
 0002:0000A08C 0000000C C=BSS      S=.bss     G=DGROUP   M=U_Previewcrystal ACBP=A9
 0002:0000A098 00000008 C=BSS      S=.bss     G=DGROUP   M=U_Dmdevis ACBP=A9
 0002:0000A0A0 000001D4 C=BSS      S=.bss     G=DGROUP   M=U_Devis  ACBP=A9
 0002:0000A274 00000008 C=BSS      S=.bss     G=DGROUP   M=U_Commande ACBP=A9
 0002:0000A27C 00000008 C=BSS      S=.bss     G=DGROUP   M=U_Dmcommande ACBP=A9
 0002:0000A284 00000030 C=BSS      S=.bss     G=DGROUP   M=U_Client ACBP=A9
 0002:0000A2B4 00000008 C=BSS      S=.bss     G=DGROUP   M=U_DmDonn ACBP=A9
 0002:0000A2BC 00000010 C=BSS      S=.bss     G=DGROUP   M=U_Finition ACBP=A9
 0002:0000A2CC 00000008 C=BSS      S=.bss     G=DGROUP   M=U_SeleArticle ACBP=A9
 0002:0000A2D4 00000008 C=BSS      S=.bss     G=DGROUP   M=U_Categorie ACBP=A9
 0002:0000A2DC 00000008 C=BSS      S=.bss     G=DGROUP   M=U_Famille ACBP=A9
 0002:0000A2E4 00000008 C=BSS      S=.bss     G=DGROUP   M=U_Fournisseur ACBP=A9
 0002:0000A2EC 00000004 C=BSS      S=.bss     G=DGROUP   M=OleDlg   ACBP=A9
 0002:0000A2F0 00000040 C=BSS      S=.bss     G=DGROUP   M=OleCtnrs ACBP=A9
 0002:0000A330 000000B4 C=BSS      S=.bss     G=DGROUP   M=RxRichEd ACBP=A9
 0002:0000A3E4 00000004 C=BSS      S=.bss     G=DGROUP   M=DBRichEd ACBP=A9
 0002:0000A3E8 00000008 C=BSS      S=.bss     G=DGROUP   M=U_Jalonnement ACBP=A9
 0002:0000A3F0 00000004 C=BSS      S=.bss     G=DGROUP   M=U_ListeCoul ACBP=A9
 0002:0000A3F4 00000004 C=BSS      S=.bss     G=DGROUP   M=U_Assistante ACBP=A9
 0002:0000A3F8 00000004 C=BSS      S=.bss     G=DGROUP   M=U_TVA    ACBP=A9
 0002:0000A3FC 00000004 C=BSS      S=.bss     G=DGROUP   M=U_Typedevis ACBP=A9
 0002:0000A400 00000004 C=BSS      S=.bss     G=DGROUP   M=U_Motifcloture ACBP=A9
 0002:0000A404 00000004 C=BSS      S=.bss     G=DGROUP   M=U_comm   ACBP=A9
 0002:0000A408 00000008 C=BSS      S=.bss     G=DGROUP   M=U_Famillevente ACBP=A9
 0002:0000A410 00000008 C=BSS      S=.bss     G=DGROUP   M=U_Sousfamillevente ACBP=A9
 0002:0000A418 00000004 C=BSS      S=.bss     G=DGROUP   M=U_Soussousfamvente ACBP=A9
 0002:0000A41C 00000004 C=BSS      S=.bss     G=DGROUP   M=U_Gamme  ACBP=A9
 0002:0000A420 00000004 C=BSS      S=.bss     G=DGROUP   M=U_TypeProduit ACBP=A9
 0002:0000A424 00000004 C=BSS      S=.bss     G=DGROUP   M=U_Caracteristique ACBP=A9
 0002:0000A428 00000004 C=BSS      S=.bss     G=DGROUP   M=U_Civilite ACBP=A9
 0002:0000A42C 00000004 C=BSS      S=.bss     G=DGROUP   M=U_Pays   ACBP=A9
 0002:0000A430 00000004 C=BSS      S=.bss     G=DGROUP   M=U_Prodfiche ACBP=A9
 0002:0000A434 0000000C C=BSS      S=.bss     G=DGROUP   M=U_SeleEditions ACBP=A9
 0002:0000A440 00000104 C=BSS      S=.bss     G=DGROUP   M=FDV      ACBP=A9

Bound resource files

c:\program files\borland\delphi7\Lib\Buttons.res
c:\program files\borland\delphi7\Lib\ExtDlgs.res
c:\program files\borland\delphi7\Lib\Controls.res
c:\program files\borland\delphi7\Lib\AdoConEd.dfm
D:\Delphi\Composants\RXLib275D7\Units\RXConst.R32
D:\Delphi\Composants\RXLib275D7\Units\RXCConst.R32
c:\program files\borland\delphi7\Lib\FileCtrl.res
D:\Delphi\Composants\RXLib275D7\Units\RXCtrls.R32
D:\Delphi\Composants\RXLib275D7\Units\RxGConst.R32
L:\composants\design\dxCore2.res
L:\Composants\VirtualTreeview\VirtualTrees.res
c:\program files\borland\delphi7\Lib\DBLogDlg.dfm
c:\program files\borland\delphi7\Lib\DBPWDlg.dfm
c:\program files\borland\delphi7\Lib\DBCtrls.res
c:\program files\borland\delphi7\Lib\DBGrids.res
D:\Delphi\Composants\RXLib275D7\Units\PickDate.R32
D:\Delphi\Composants\RXLib275D7\Units\ToolEdit.R32
D:\Delphi\Composants\RXLib275D7\Units\RxCalc.R32
D:\Delphi\Composants\RXLib275D7\Units\CurrEdit.R32
D:\Delphi\Composants\RXLib275D7\Units\RXDConst.R32
D:\Delphi\Composants\RXLib275D7\Units\RXDBCtrl.R32
c:\program files\borland\delphi7\Lib\QRPrgres.DFM
c:\program files\borland\delphi7\Lib\QRLablEd.DFM
c:\program files\borland\delphi7\Lib\QRExprEd.DFM
c:\program files\borland\delphi7\Lib\QRAbout.DFM
c:\program files\borland\delphi7\Lib\QRCompEd.DFM
c:\program files\borland\delphi7\Lib\QREnvEd.DFM
c:\program files\borland\delphi7\Lib\QRExpBld.DFM
c:\program files\borland\delphi7\Lib\QRPrev.DFM
c:\program files\borland\delphi7\Lib\QUICKRPT.RES
L:\Composants\ExDBGrid\ExDBQbf.DFM
D:\Delphi\Composants\jedi\jvcl\archive\..\Resources\JvConsts.res
L:\Composants\ExDBGrid\ExDBGridCtls.DFM
L:\Composants\ExDBGrid\ExRxColSelect.DFM
D:\Delphi\Composants\jedi\jvcl\archive\..\Resources\JvToolEdit.res
L:\composants\advnavigator\sources\DBADVNAV.RES
L:\Composants\ADVListView7\ALVRES.RES
L:\Composants\Microcelt\Fonctions\mc_fonctions_db.Res
D:\Delphi\Composants\jedi\jvcl\archive\..\Resources\JvSpin.Res
D:\Delphi\Composants\jedi\jvcl\archive\..\Resources\JvXPCore.res
D:\Delphi\Composants\jedi\jvcl\archive\..\Resources\JvXPBar.res
L:\Composants\Microcelt\Composants\U_MCAdvGroupView.res
L:\Composants\Microcelt\Composants\U_McFormDico.Res
c:\program files\borland\delphi7\Lib\SPIN.RES
D:\Delphi\Composants\boutons_rbag\RbCheckBox.res
D:\Delphi\Composants\boutons_rbag\RbRadioButton.res
D:\Delphi\Composants\RXLib275D7\Units\RXSwitch.R32
D:\Delphi\Composants\jedi\jvcl\archive\JvTransLED.res
D:\Delphi\Composants\RXLib275D7\Units\RxLogin.DFM
L:\Composants\Microcelt\Form\U_MotPasse.dfm
L:\Composants\Microcelt\Form\U_Administration.dfm
c:\program files\borland\delphi7\Lib\MPlayer.res
L:\Composants\Microcelt\Fonctions\mc_fonctions_Objets_Dynamiques.res
L:\Composants\Microcelt\Form\U_Acces.dfm
U_Donnees.dfm
D:\Delphi\Composants\UltimDBGrid\UltimDBSelect.DFM
D:\Delphi\Composants\UltimDBGrid\UltimDBSort.DFM
D:\Delphi\Composants\UltimDBGrid\UltimDBFilter.DFM
D:\Delphi\Composants\UltimDBGrid\UltimDBConfig.DFM
D:\Delphi\Composants\UltimDBGrid\UltimDBExport.DFM
U_CodePostal.dfm
U_TypeFinition.dfm
U_Comportement.dfm
U_Structure.dfm
U_DmCompose.dfm
U_Composant.dfm
U_Representant.dfm
U_RepSecteur.dfm
U_Modalite.dfm
U_Prodrepr.dfm
U_DmArticle.dfm
U_ComposeArticle.dfm
U_Interloc.dfm
U_Affectation.dfm
U_Previewcrystal.DFM
U_Dmdevis.dfm
U_Devis.dfm
U_Commande.dfm
U_Dmcommande.dfm
U_Client.dfm
U_DmDonn.dfm
U_Finition.dfm
U_SeleArticle.dfm
U_Categorie.dfm
U_Famille.dfm
U_Fournisseur.dfm
U_Jalonnement.dfm
U_ListeCoul.dfm
U_Assistante.dfm
U_TVA.dfm
U_Typedevis.dfm
U_Motifcloture.dfm
U_comm.dfm
U_Famillevente.dfm
U_Sousfamillevente.dfm
U_Soussousfamvente.dfm
U_Gamme.dfm
U_TypeProduit.dfm
U_Caracteristique.dfm
U_Civilite.dfm
U_Pays.dfm
U_Prodfiche.dfm
U_SeleEditions.dfm
FDV.res
c:\program files\borland\delphi7\Lib\WindowsXP.res
FDV.drf


Program entry point at 0001:003D3ED4
